Component: ARM Compiler 5.06 update 6 (build 750) Tool: armlink [4d35ed]

==============================================================================

Section Cross References

    startup_stm32f746xx.o(RESET) refers to startup_stm32f746xx.o(STACK) for __initial_sp
    startup_stm32f746xx.o(RESET) refers to startup_stm32f746xx.o(.text) for Reset_Handler
    startup_stm32f746xx.o(RESET) refers to stm32f7xx_it.o(i.NMI_Handler) for NMI_Handler
    startup_stm32f746xx.o(RESET) refers to stm32f7xx_it.o(i.HardFault_Handler) for HardFault_Handler
    startup_stm32f746xx.o(RESET) refers to stm32f7xx_it.o(i.MemManage_Handler) for MemManage_Handler
    startup_stm32f746xx.o(RESET) refers to stm32f7xx_it.o(i.BusFault_Handler) for BusFault_Handler
    startup_stm32f746xx.o(RESET) refers to stm32f7xx_it.o(i.UsageFault_Handler) for UsageFault_Handler
    startup_stm32f746xx.o(RESET) refers to port.o(.emb_text) for SVC_Handler
    startup_stm32f746xx.o(RESET) refers to stm32f7xx_it.o(i.DebugMon_Handler) for DebugMon_Handler
    startup_stm32f746xx.o(RESET) refers to stm32f7xx_it.o(i.SysTick_Handler) for SysTick_Handler
    startup_stm32f746xx.o(RESET) refers to stm32f7xx_it.o(i.EXTI0_IRQHandler) for EXTI0_IRQHandler
    startup_stm32f746xx.o(RESET) refers to stm32f7xx_it.o(i.EXTI2_IRQHandler) for EXTI2_IRQHandler
    startup_stm32f746xx.o(RESET) refers to usart.o(i.USART1_IRQHandler) for USART1_IRQHandler
    startup_stm32f746xx.o(RESET) refers to stm32f7xx_it.o(i.EXTI15_10_IRQHandler) for EXTI15_10_IRQHandler
    startup_stm32f746xx.o(RESET) refers to stm32f7xx_it.o(i.DMA2_Stream0_IRQHandler) for DMA2_Stream0_IRQHandler
    startup_stm32f746xx.o(RESET) refers to stm32f7xx_it.o(i.DMA2_Stream1_IRQHandler) for DMA2_Stream1_IRQHandler
    startup_stm32f746xx.o(RESET) refers to stm32f7xx_it.o(i.DMA2_Stream4_IRQHandler) for DMA2_Stream4_IRQHandler
    startup_stm32f746xx.o(RESET) refers to stm32f7xx_it.o(i.DMA2_Stream7_IRQHandler) for DMA2_Stream7_IRQHandler
    startup_stm32f746xx.o(RESET) refers to stm32f7xx_it.o(i.DCMI_IRQHandler) for DCMI_IRQHandler
    startup_stm32f746xx.o(RESET) refers to stm32f7xx_it.o(i.DMA2D_IRQHandler) for DMA2D_IRQHandler
    startup_stm32f746xx.o(.text) refers to system_stm32f7xx.o(i.SystemInit) for SystemInit
    startup_stm32f746xx.o(.text) refers to entry.o(.ARM.Collect$$$$00000000) for __main
    system_stm32f7xx.o(i.SystemCoreClockUpdate) refers to system_stm32f7xx.o(.data) for .data
    system_stm32f7xx.o(i.SystemCoreClockUpdate) refers to system_stm32f7xx.o(.constdata) for .constdata
    ft5336.o(i.ft5336_Get_I2C_InitializedStatus) refers to ft5336.o(.data) for .data
    ft5336.o(i.ft5336_I2C_InitializeIfRequired) refers to ft5336.o(i.ft5336_Get_I2C_InitializedStatus) for ft5336_Get_I2C_InitializedStatus
    ft5336.o(i.ft5336_I2C_InitializeIfRequired) refers to stm32746g_discovery.o(i.TS_IO_Init) for TS_IO_Init
    ft5336.o(i.ft5336_I2C_InitializeIfRequired) refers to ft5336.o(.data) for .data
    ft5336.o(i.ft5336_Init) refers to stm32746g_discovery.o(i.TS_IO_Delay) for TS_IO_Delay
    ft5336.o(i.ft5336_Init) refers to ft5336.o(i.ft5336_I2C_InitializeIfRequired) for ft5336_I2C_InitializeIfRequired
    ft5336.o(i.ft5336_ReadID) refers to ft5336.o(i.ft5336_I2C_InitializeIfRequired) for ft5336_I2C_InitializeIfRequired
    ft5336.o(i.ft5336_ReadID) refers to stm32746g_discovery.o(i.TS_IO_Read) for TS_IO_Read
    ft5336.o(i.ft5336_TS_DetectTouch) refers to stm32746g_discovery.o(i.TS_IO_Read) for TS_IO_Read
    ft5336.o(i.ft5336_TS_DetectTouch) refers to ft5336.o(.data) for .data
    ft5336.o(i.ft5336_TS_DisableIT) refers to stm32746g_discovery.o(i.TS_IO_Write) for TS_IO_Write
    ft5336.o(i.ft5336_TS_EnableIT) refers to stm32746g_discovery.o(i.TS_IO_Write) for TS_IO_Write
    ft5336.o(i.ft5336_TS_GetGestureID) refers to stm32746g_discovery.o(i.TS_IO_Read) for TS_IO_Read
    ft5336.o(i.ft5336_TS_GetTouchInfo) refers to stm32746g_discovery.o(i.TS_IO_Read) for TS_IO_Read
    ft5336.o(i.ft5336_TS_GetTouchInfo) refers to ft5336.o(.data) for .data
    ft5336.o(i.ft5336_TS_GetXY) refers to stm32746g_discovery.o(i.TS_IO_Read) for TS_IO_Read
    ft5336.o(i.ft5336_TS_GetXY) refers to ft5336.o(.data) for .data
    ft5336.o(i.ft5336_TS_Start) refers to ft5336.o(i.ft5336_TS_Configure) for ft5336_TS_Configure
    ft5336.o(i.ft5336_TS_Start) refers to ft5336.o(i.ft5336_TS_DisableIT) for ft5336_TS_DisableIT
    ft5336.o(.data) refers to ft5336.o(i.ft5336_Init) for ft5336_Init
    ft5336.o(.data) refers to ft5336.o(i.ft5336_ReadID) for ft5336_ReadID
    ft5336.o(.data) refers to ft5336.o(i.ft5336_Reset) for ft5336_Reset
    ft5336.o(.data) refers to ft5336.o(i.ft5336_TS_Start) for ft5336_TS_Start
    ft5336.o(.data) refers to ft5336.o(i.ft5336_TS_DetectTouch) for ft5336_TS_DetectTouch
    ft5336.o(.data) refers to ft5336.o(i.ft5336_TS_GetXY) for ft5336_TS_GetXY
    ft5336.o(.data) refers to ft5336.o(i.ft5336_TS_EnableIT) for ft5336_TS_EnableIT
[...]
    __scatterload_zeroinit                   0x0800b981   Thumb Code    14  handlers.o(i.__scatterload_zeroinit)
    fputc                                    0x0800bcf5   Thumb Code    14  usart.o(i.fputc)
    ft5336_Init                              0x0800bd31   Thumb Code    16  ft5336.o(i.ft5336_Init)
    ft5336_ReadID                            0x0800bd41   Thumb Code    56  ft5336.o(i.ft5336_ReadID)
    ft5336_Reset                             0x0800bd79   Thumb Code     2  ft5336.o(i.ft5336_Reset)
    ft5336_TS_ClearIT                        0x0800bd7b   Thumb Code     2  ft5336.o(i.ft5336_TS_ClearIT)
    ft5336_TS_DetectTouch                    0x0800bd81   Thumb Code    52  ft5336.o(i.ft5336_TS_DetectTouch)
    ft5336_TS_DisableIT                      0x0800bdb9   Thumb Code    10  ft5336.o(i.ft5336_TS_DisableIT)
    ft5336_TS_EnableIT                       0x0800bdc3   Thumb Code    10  ft5336.o(i.ft5336_TS_EnableIT)
    ft5336_TS_GetGestureID                   0x0800bdcd   Thumb Code    26  ft5336.o(i.ft5336_TS_GetGestureID)
    ft5336_TS_GetTouchInfo                   0x0800bde9   Thumb Code   190  ft5336.o(i.ft5336_TS_GetTouchInfo)
    ft5336_TS_GetXY                          0x0800bead   Thumb Code   278  ft5336.o(i.ft5336_TS_GetXY)
    ft5336_TS_ITStatus                       0x0800bfc9   Thumb Code     4  ft5336.o(i.ft5336_TS_ITStatus)
    ft5336_TS_Start                          0x0800bfcd   Thumb Code    20  ft5336.o(i.ft5336_TS_Start)
    key_task                                 0x0800bfe1   Thumb Code    98  rtos_main_suspend.o(i.key_task)
    main                                     0x0800c0a1   Thumb Code    78  main.o(i.main)
    osSystickHandler                         0x0800c105   Thumb Code    20  cmsis_os.o(i.osSystickHandler)
    prvAddCurrentTaskToDelayedList           0x0800c119   Thumb Code   104  tasks.o(i.prvAddCurrentTaskToDelayedList)
    prvAddNewTaskToReadyList                 0x0800c189   Thumb Code   126  tasks.o(i.prvAddNewTaskToReadyList)
    prvCheckTasksWaitingTermination          0x0800c265   Thumb Code    52  tasks.o(i.prvCheckTasksWaitingTermination)
    prvDeleteTCB                             0x0800c337   Thumb Code    20  tasks.o(i.prvDeleteTCB)
    prvIdleTask                              0x0800c3bd   Thumb Code    34  tasks.o(i.prvIdleTask)
    prvInitialiseNewTask                     0x0800c40b   Thumb Code   158  tasks.o(i.prvInitialiseNewTask)
    prvInitialiseTaskLists                   0x0800c4a9   Thumb Code    76  tasks.o(i.prvInitialiseTaskLists)
    prvResetNextTaskUnblockTime              0x0800c759   Thumb Code    30  tasks.o(i.prvResetNextTaskUnblockTime)
    prvTaskIsTaskSuspended                   0x0800c84d   Thumb Code    54  tasks.o(i.prvTaskIsTaskSuspended)
    pvPortMalloc                             0x0800c909   Thumb Code   220  heap_4.o(i.pvPortMalloc)
    pxPortInitialiseStack                    0x0800c9e9   Thumb Code    30  port.o(i.pxPortInitialiseStack)
    rtos_main_suspend                        0x0800ca0d   Thumb Code   158  rtos_main_suspend.o(i.rtos_main_suspend)
    start_task                               0x0800cb21   Thumb Code   132  rtos_main_suspend.o(i.start_task)
    task1_task                               0x0800cbf9   Thumb Code   150  rtos_main_suspend.o(i.task1_task)
    task2_task                               0x0800ccc5   Thumb Code   154  rtos_main_suspend.o(i.task2_task)
    task3_task                               0x0800cd95   Thumb Code    88  rtos_main_suspend.o(i.task3_task)
    task4_task                               0x0800ce1d   Thumb Code    88  rtos_main_suspend.o(i.task4_task)
    uart_init                                0x0800cea5   Thumb Code    44  usart.o(i.uart_init)
    uxListRemove                             0x0800cedd   Thumb Code    38  list.o(i.uxListRemove)
    vApplicationIdleHook                     0x0800cf05   Thumb Code    18  cpu_utils.o(i.vApplicationIdleHook)
    vApplicationTickHook                     0x0800cf1d   Thumb Code    50  cpu_utils.o(i.vApplicationTickHook)
    vListInitialise                          0x0800cf55   Thumb Code    22  list.o(i.vListInitialise)
    vListInitialiseItem                      0x0800cf6b   Thumb Code     6  list.o(i.vListInitialiseItem)
    vListInsert                              0x0800cf71   Thumb Code    48  list.o(i.vListInsert)
    vListInsertEnd                           0x0800cfa1   Thumb Code    24  list.o(i.vListInsertEnd)
    vPortEnterCritical                       0x0800cfb9   Thumb Code    62  port.o(i.vPortEnterCritical)
    vPortExitCritical                        0x0800d001   Thumb Code    42  port.o(i.vPortExitCritical)
    vPortFree                                0x0800d031   Thumb Code    96  heap_4.o(i.vPortFree)
    vPortSetupTimerInterrupt                 0x0800d095   Thumb Code    32  port.o(i.vPortSetupTimerInterrupt)
    vPortValidateInterruptPriority           0x0800d0b9   Thumb Code    82  port.o(i.vPortValidateInterruptPriority)
    vQueueAddToRegistry                      0x0800d115   Thumb Code    32  queue.o(i.vQueueAddToRegistry)
    vQueueWaitForMessageRestricted           0x0800d139   Thumb Code    70  queue.o(i.vQueueWaitForMessageRestricted)
    vTaskDelay                               0x0800d181   Thumb Code    74  tasks.o(i.vTaskDelay)
    vTaskDelete                              0x0800d1d5   Thumb Code   160  tasks.o(i.vTaskDelete)
    vTaskInternalSetTimeOutState             0x0800d285   Thumb Code    12  tasks.o(i.vTaskInternalSetTimeOutState)
    vTaskMissedYield                         0x0800d295   Thumb Code     8  tasks.o(i.vTaskMissedYield)
    vTaskPlaceOnEventList                    0x0800d2a1   Thumb Code    50  tasks.o(i.vTaskPlaceOnEventList)
    vTaskPlaceOnEventListRestricted          0x0800d2d9   Thumb Code    58  tasks.o(i.vTaskPlaceOnEventListRestricted)
    vTaskResume                              0x0800d319   Thumb Code   118  tasks.o(i.vTaskResume)
    vTaskStartScheduler                      0x0800d39d   Thumb Code   102  tasks.o(i.vTaskStartScheduler)
    vTaskSuspend                             0x0800d415   Thumb Code   174  tasks.o(i.vTaskSuspend)
    vTaskSuspendAll                          0x0800d4d5   Thumb Code    10  tasks.o(i.vTaskSuspendAll)
    vTaskSwitchContext                       0x0800d4e5   Thumb Code   102  tasks.o(i.vTaskSwitchContext)
    wm8994_DeInit                            0x0800d555   Thumb Code     4  wm8994.o(i.wm8994_DeInit)
    wm8994_Init                              0x0800d559   Thumb Code  1840  wm8994.o(i.wm8994_Init)
    wm8994_Pause                             0x0800dc8d   Thumb Code    28  wm8994.o(i.wm8994_Pause)
    wm8994_Play                              0x0800dca9   Thumb Code     6  wm8994.o(i.wm8994_Play)
    wm8994_ReadID                            0x0800dcaf   Thumb Code    20  wm8994.o(i.wm8994_ReadID)
    wm8994_Reset                             0x0800dcc5   Thumb Code    22  wm8994.o(i.wm8994_Reset)
    wm8994_Resume                            0x0800dce1   Thumb Code     6  wm8994.o(i.wm8994_Resume)
    wm8994_SetFrequency                      0x0800dce7   Thumb Code   158  wm8994.o(i.wm8994_SetFrequency)
    wm8994_SetMute                           0x0800dd85   Thumb Code    84  wm8994.o(i.wm8994_SetMute)
    wm8994_SetOutputMode                     0x0800dddd   Thumb Code   286  wm8994.o(i.wm8994_SetOutputMode)
    wm8994_SetVolume                         0x0800defd   Thumb Code   278  wm8994.o(i.wm8994_SetVolume)
    wm8994_Stop                              0x0800e019   Thumb Code   122  wm8994.o(i.wm8994_Stop)
    xPortStartScheduler                      0x0800e099   Thumb Code   176  port.o(i.xPortStartScheduler)
    xPortSysTickHandler                      0x0800e159   Thumb Code    42  port.o(i.xPortSysTickHandler)
    xQueueGenericCreate                      0x0800e189   Thumb Code    72  queue.o(i.xQueueGenericCreate)
    xQueueGenericReset                       0x0800e1d1   Thumb Code   138  queue.o(i.xQueueGenericReset)
    xQueueGenericSend                        0x0800e261   Thumb Code   368  queue.o(i.xQueueGenericSend)
    xQueueGenericSendFromISR                 0x0800e3d5   Thumb Code   206  queue.o(i.xQueueGenericSendFromISR)
    xQueueReceive                            0x0800e4a5   Thumb Code   322  queue.o(i.xQueueReceive)
    xTaskCheckForTimeOut                     0x0800e5ed   Thumb Code   126  tasks.o(i.xTaskCheckForTimeOut)
    xTaskCreate                              0x0800e671   Thumb Code    96  tasks.o(i.xTaskCreate)
    xTaskGetCurrentTaskHandle                0x0800e6d1   Thumb Code     6  tasks.o(i.xTaskGetCurrentTaskHandle)
    xTaskGetSchedulerState                   0x0800e6dd   Thumb Code    24  tasks.o(i.xTaskGetSchedulerState)
    xTaskGetTickCount                        0x0800e6f9   Thumb Code     6  tasks.o(i.xTaskGetTickCount)
    xTaskGetTickCountFromISR                 0x0800e705   Thumb Code    12  tasks.o(i.xTaskGetTickCountFromISR)
    xTaskIncrementTick                       0x0800e715   Thumb Code   214  tasks.o(i.xTaskIncrementTick)
    xTaskPriorityDisinherit                  0x0800e7f5   Thumb Code   152  tasks.o(i.xTaskPriorityDisinherit)
    xTaskRemoveFromEventList                 0x0800e895   Thumb Code   116  tasks.o(i.xTaskRemoveFromEventList)
    xTaskResumeAll                           0x0800e915   Thumb Code   194  tasks.o(i.xTaskResumeAll)
    xTimerCreateTimerTask                    0x0800e9e9   Thumb Code    64  timers.o(i.xTimerCreateTimerTask)
    xTimerGenericCommand                     0x0800ea39   Thumb Code   102  timers.o(i.xTimerGenericCommand)
    AHBPrescTable                            0x0800eaa4   Data          16  system_stm32f7xx.o(.constdata)
    APBPrescTable                            0x0800eab4   Data           8  system_stm32f7xx.o(.constdata)
    stlogo                                   0x0800ead4   Data        9174  main.o(.constdata)
    COM_TX_PIN                               0x08010eac   Data           2  stm32746g_discovery.o(.constdata)
    COM_RX_PIN                               0x08010eae   Data           2  stm32746g_discovery.o(.constdata)
    COM_TX_AF                                0x08010eb0   Data           2  stm32746g_discovery.o(.constdata)
    COM_RX_AF                                0x08010eb2   Data           2  stm32746g_discovery.o(.constdata)
    GPIO_PIN                                 0x08010eb4   Data           4  stm32746g_discovery.o(.constdata)
    BUTTON_PIN                               0x08010eb8   Data           6  stm32746g_discovery.o(.constdata)
    BUTTON_IRQn                              0x08010ebe   Data           6  stm32746g_discovery.o(.constdata)
    Font24_Table                             0x08010ec4   Data        6840  stm32746g_discovery_lcd.o(.constdata)
    Font20_Table                             0x0801297c   Data        3800  stm32746g_discovery_lcd.o(.constdata)
    Font16_Table                             0x08013854   Data        3040  stm32746g_discovery_lcd.o(.constdata)
    Font12_Table                             0x08014434   Data        1140  stm32746g_discovery_lcd.o(.constdata)
    Region$$Table$$Base                      0x080148b0   Number         0  anon$$obj.o(Region$$Table)
    Region$$Table$$Limit                     0x080148d0   Number         0  anon$$obj.o(Region$$Table)
    SystemCoreClock                          0x20000000   Data           4  system_stm32f7xx.o(.data)
    ft5336_ts_drv                            0x20000004   Data          40  ft5336.o(.data)
    wm8994_drv                               0x20000034   Data          48  wm8994.o(.data)
    EEPROMConnected                          0x20000071   Data           1  eeprom.o(.data)
    Tx1Buffer                                0x20000072   Data         520  eeprom.o(.data)
    uwDMA_Transfer_Complete                  0x2000027c   Data           4  sdram_dma.o(.data)
    uwVolume                                 0x20000284   Data           4  audio_play.o(.data)
    uwPauseEnabledStatus                     0x20000288   Data           4  audio_play.o(.data)
    audio_rec_buffer_state                   0x200002b8   Data           4  audio_rec.o(.data)
    ErrorCounter                             0x200002c0   Data           4  main.o(.data)
    BSP_examples                             0x200002c8   Data         660  main.o(.data)
    NbLoop                                   0x2000055c   Data           1  main.o(.data)
    aRxBuffer_1                              0x2000055e   Data           1  usart.o(.data)
    USART_RX_STA                             0x20000560   Data           2  usart.o(.data)
    __stdout                                 0x20000564   Data           4  usart.o(.data)
    StartTask_Handler                        0x20000568   Data           4  rtos_main_suspend.o(.data)
    KeyTask_Handler                          0x2000056c   Data           4  rtos_main_suspend.o(.data)
    Task1Task_Handler                        0x20000570   Data           4  rtos_main_suspend.o(.data)
    Task2Task_Handler                        0x20000574   Data           4  rtos_main_suspend.o(.data)
    Task3Task_Handler                        0x20000578   Data           4  rtos_main_suspend.o(.data)
    Task4Task_Handler                        0x2000057c   Data           4  rtos_main_suspend.o(.data)
    lcd_discolor                             0x20000580   Data          56  rtos_main_suspend.o(.data)
    COM_USART                                0x200005b8   Data           4  stm32746g_discovery.o(.data)
    COM_TX_PORT                              0x200005bc   Data           4  stm32746g_discovery.o(.data)
    COM_RX_PORT                              0x200005c0   Data           4  stm32746g_discovery.o(.data)
    BUTTON_PORT                              0x200005c4   Data          12  stm32746g_discovery.o(.data)
    AudioInVolume                            0x200005d0   Data           2  stm32746g_discovery_audio.o(.data)
    audio_drv                                0x200005d4   Data           4  stm32746g_discovery_audio.o(.data)
    EEPROMDataWrite                          0x200005d8   Data           1  stm32746g_discovery_eeprom.o(.data)
    EEPROMAddress                            0x200005da   Data           2  stm32746g_discovery_eeprom.o(.data)
    EEPROMDataRead                           0x200005dc   Data           2  stm32746g_discovery_eeprom.o(.data)
    Font24                                   0x200005e4   Data           8  stm32746g_discovery_lcd.o(.data)
    Font20                                   0x200005ec   Data           8  stm32746g_discovery_lcd.o(.data)
    Font16                                   0x200005f4   Data           8  stm32746g_discovery_lcd.o(.data)
    Font12                                   0x200005fc   Data           8  stm32746g_discovery_lcd.o(.data)
    uwTickFreq                               0x20000614   Data           1  stm32f7xx_hal.o(.data)
    uwTickPrio                               0x20000618   Data           4  stm32f7xx_hal.o(.data)
    uwTick                                   0x2000061c   Data           4  stm32f7xx_hal.o(.data)
    LCD_CacheBuffer_yptr_invert              0x20000620   Data           1  lcd_log.o(.data)
    LCD_ScrollActive                         0x20000621   Data           1  lcd_log.o(.data)
    LCD_Lock                                 0x20000622   Data           1  lcd_log.o(.data)
    LCD_Scrolled                             0x20000623   Data           1  lcd_log.o(.data)
    LCD_CacheBuffer_xptr                     0x20000624   Data           2  lcd_log.o(.data)
    LCD_CacheBuffer_yptr_top                 0x20000626   Data           2  lcd_log.o(.data)
    LCD_CacheBuffer_yptr_bottom              0x20000628   Data           2  lcd_log.o(.data)
    LCD_CacheBuffer_yptr_top_bak             0x2000062a   Data           2  lcd_log.o(.data)
    LCD_CacheBuffer_yptr_bottom_bak          0x2000062c   Data           2  lcd_log.o(.data)
    LCD_ScrollBackStep                       0x2000062e   Data           2  lcd_log.o(.data)
    LCD_LineColor                            0x20000630   Data           4  lcd_log.o(.data)
    xIdleHandle                              0x20000634   Data           4  cpu_utils.o(.data)
    osCPU_Usage                              0x20000638   Data           4  cpu_utils.o(.data)
    osCPU_IdleStartTime                      0x2000063c   Data           4  cpu_utils.o(.data)
    osCPU_IdleSpentTime                      0x20000640   Data           4  cpu_utils.o(.data)
    osCPU_TotalIdleTime                      0x20000644   Data           4  cpu_utils.o(.data)
    pxCurrentTCB                             0x2000064c   Data           4  tasks.o(.data)
    pxDelayedTaskList                        0x20000650   Data           4  tasks.o(.data)
    pxOverflowDelayedTaskList                0x20000654   Data           4  tasks.o(.data)
    uxDeletedTasksWaitingCleanUp             0x20000658   Data           4  tasks.o(.data)
    uxCurrentNumberOfTasks                   0x2000065c   Data           4  tasks.o(.data)
    xTickCount                               0x20000660   Data           4  tasks.o(.data)
    uxTopReadyPriority                       0x20000664   Data           4  tasks.o(.data)
    xSchedulerRunning                        0x20000668   Data           4  tasks.o(.data)
    uxPendedTicks                            0x2000066c   Data           4  tasks.o(.data)
    xYieldPending                            0x20000670   Data           4  tasks.o(.data)
    xNumOfOverflows                          0x20000674   Data           4  tasks.o(.data)
    uxTaskNumber                             0x20000678   Data           4  tasks.o(.data)
    xNextTaskUnblockTime                     0x2000067c   Data           4  tasks.o(.data)
    xIdleTaskHandle                          0x20000680   Data           4  tasks.o(.data)
    uxSchedulerSuspended                     0x20000684   Data           4  tasks.o(.data)
    Rx1Buffer                                0x20000ec0   Data         527  eeprom.o(.bss)
    Tx2Buffer                                0x200010cf   Data         527  eeprom.o(.bss)
    qspi_aTxBuffer                           0x20022324   Data         512  qspi.o(.bss)
    qspi_aRxBuffer                           0x20022524   Data         512  qspi.o(.bss)
    aTxBuffer                                0x20022764   Data        2560  sd.o(.bss)
    aRxBuffer                                0x20023164   Data        2560  sd.o(.bss)
    USART_RX_BUF                             0x20023b64   Data         200  usart.o(.bss)
    UART1_Handler                            0x20023c2c   Data         128  usart.o(.bss)
    task_count                               0x20023cac   Data          16  rtos_main_suspend.o(.bss)
    haudio_out_sai                           0x20023d54   Data         132  stm32746g_discovery_audio.o(.bss)
    haudio_in_sai                            0x20023dd8   Data         132  stm32746g_discovery_audio.o(.bss)
    hLtdcHandler                             0x20024000   Data         168  stm32746g_discovery_lcd.o(.bss)
    QSPIHandle                               0x20024100   Data          76  stm32746g_discovery_qspi.o(.bss)
    uSdHandle                                0x200242cc   Data         132  stm32746g_discovery_sd.o(.bss)
    sdramHandle                              0x20024410   Data          52  stm32746g_discovery_sdram.o(.bss)
    LCD_CacheBuffer                          0x20024498   Data       15444  lcd_log.o(.bss)
    xQueueRegistry                           0x200280ec   Data          64  queue.o(.bss)
    pxReadyTasksLists                        0x2002812c   Data         240  tasks.o(.bss)
    xDelayedTaskList1                        0x2002821c   Data          20  tasks.o(.bss)
    xDelayedTaskList2                        0x20028230   Data          20  tasks.o(.bss)
    xPendingReadyList                        0x20028244   Data          20  tasks.o(.bss)
    xTasksWaitingTermination                 0x20028258   Data          20  tasks.o(.bss)
    xSuspendedTaskList                       0x2002826c   Data          20  tasks.o(.bss)
    __initial_sp                             0x2002fea8   Data           0  startup_stm32f746xx.o(STACK)



==============================================================================

Memory Map of the image

  Image Entry point : 0x080001c9

  Load Region LR_IROM1 (Base: 0x08000000, Size: 0x00014f90, Max: 0x00100000, ABSOLUTE, COMPRESSED[0x00014a50])

    Execution Region ER_IROM1 (Exec base: 0x08000000, Load base: 0x08000000, Size: 0x000148d0, Max: 0x00100000, ABSOLUTE)

    Exec Addr    Load Addr    Size         Type   Attr      Idx    E Section Name        Object

    0x08000000   0x08000000   0x000001c8   Data   RO            3    RESET               startup_stm32f746xx.o
    0x080001c8   0x080001c8   0x00000000   Code   RO        10560  * .ARM.Collect$$$$00000000  mc_w.l(entry.o)
    0x080001c8   0x080001c8   0x00000004   Code   RO        10832    .ARM.Collect$$$$00000001  mc_w.l(entry2.o)
    0x080001cc   0x080001cc   0x00000004   Code   RO        10835    .ARM.Collect$$$$00000004  mc_w.l(entry5.o)
    0x080001d0   0x080001d0   0x00000000   Code   RO        10837    .ARM.Collect$$$$00000008  mc_w.l(entry7b.o)
    0x080001d0   0x080001d0   0x00000000   Code   RO        10839    .ARM.Collect$$$$0000000A  mc_w.l(entry8b.o)
    0x080001d0   0x080001d0   0x00000008   Code   RO        10840    .ARM.Collect$$$$0000000B  mc_w.l(entry9a.o)
    0x080001d8   0x080001d8   0x00000000   Code   RO        10842    .ARM.Collect$$$$0000000D  mc_w.l(entry10a.o)
    0x080001d8   0x080001d8   0x00000000   Code   RO        10844    .ARM.Collect$$$$0000000F  mc_w.l(entry11a.o)
    0x080001d8   0x080001d8   0x00000004   Code   RO        10833    .ARM.Collect$$$$00002712  mc_w.l(entry2.o)
    0x080001dc   0x080001dc   0x000000c2   Code   RO         9737    .emb_text           port.o
    0x0800029e   0x0800029e   0x00000002   PAD
    0x080002a0   0x080002a0   0x00000024   Code   RO            4    .text               startup_stm32f746xx.o
    0x080002c4   0x080002c4   0x00000062   Code   RO        10563    .text               mc_w.l(uldiv.o)
    0x08000326   0x08000326   0x00000024   Code   RO        10565    .text               mc_w.l(memcpya.o)
    0x0800034a   0x0800034a   0x00000024   Code   RO        10567    .text               mc_w.l(memseta.o)
    0x0800036e   0x0800036e   0x0000002c   Code   RO        10846    .text               mc_w.l(uidiv.o)
    0x0800039a   0x0800039a   0x0000001e   Code   RO        10848    .text               mc_w.l(llshl.o)
    0x080003b8   0x080003b8   0x00000020   Code   RO        10850    .text               mc_w.l(llushr.o)
    0x080003d8   0x080003d8   0x00000024   Code   RO        10863    .text               mc_w.l(init.o)
    0x080003fc   0x080003fc   0x00000056   Code   RO        10877    .text               mc_w.l(__dczerorl2.o)
    0x08000452   0x08000452   0x00000002   Code   RO         1449    i.AUDIO_IO_DeInit   stm32746g_discovery.o
    0x08000454   0x08000454   0x00000004   Code   RO         1450    i.AUDIO_IO_Delay    stm32746g_discovery.o
    0x08000458   0x08000458   0x0000000c   Code   RO         1451    i.AUDIO_IO_Init     stm32746g_discovery.o
    0x08000464   0x08000464   0x00000030   Code   RO         1452    i.AUDIO_IO_Read     stm32746g_discovery.o
    0x08000494   0x08000494   0x00000030   Code   RO         1453    i.AUDIO_IO_Write    stm32746g_discovery.o
    0x080004c4   0x080004c4   0x000000d8   Code   RO          773    i.AUDIO_Process     audio_play.o
    0x0800059c   0x0800059c   0x00000070   Code   RO          774    i.AUDIO_Start       audio_play.o
    0x0800060c   0x0800060c   0x000000d8   Code   RO          680    i.AudioLoopback_SetHint  audio_loopback.o
    0x080006e4   0x080006e4   0x000001d4   Code   RO          681    i.AudioLoopback_demo  audio_loopback.o
    0x080008b8   0x080008b8   0x000003d4   Code   RO          775    i.AudioPlay_demo    audio_play.o
    0x08000c8c   0x08000c8c   0x000000d8   Code   RO          881    i.AudioRec_SetHint  audio_rec.o
    0x08000d64   0x08000d64   0x00000220   Code   RO          882    i.AudioRec_demo     audio_rec.o
    0x08000f84   0x08000f84   0x00000178   Code   RO          776    i.Audio_SetHint     audio_play.o
    0x080010fc   0x080010fc   0x0000004c   Code   RO          883    i.BSP_AUDIO_IN_Error_CallBack  audio_rec.o
    0x08001148   0x08001148   0x0000000c   Code   RO          884    i.BSP_AUDIO_IN_HalfTransfer_CallBack  audio_rec.o
    0x08001154   0x08001154   0x0000000e   Code   RO         1676    i.BSP_AUDIO_IN_Init  stm32746g_discovery_audio.o
    0x08001162   0x08001162   0x00000002   PAD
    0x08001164   0x08001164   0x0000009c   Code   RO         1677    i.BSP_AUDIO_IN_InitEx  stm32746g_discovery_audio.o
    0x08001200   0x08001200   0x00000100   Code   RO         1679    i.BSP_AUDIO_IN_MspInit  stm32746g_discovery_audio.o
    0x08001300   0x08001300   0x000000a8   Code   RO         1680    i.BSP_AUDIO_IN_OUT_Init  stm32746g_discovery_audio.o
    0x080013a8   0x080013a8   0x00000014   Code   RO         1682    i.BSP_AUDIO_IN_Record  stm32746g_discovery_audio.o
    0x080013bc   0x080013bc   0x00000034   Code   RO         1685    i.BSP_AUDIO_IN_Stop  stm32746g_discovery_audio.o
    0x080013f0   0x080013f0   0x0000000c   Code   RO          885    i.BSP_AUDIO_IN_TransferComplete_CallBack  audio_rec.o
    0x080013fc   0x080013fc   0x00000060   Code   RO         1688    i.BSP_AUDIO_OUT_ClockConfig  stm32746g_discovery_audio.o
    0x0800145c   0x0800145c   0x00000014   Code   RO         1689    i.BSP_AUDIO_OUT_DeInit  stm32746g_discovery_audio.o
    0x08001470   0x08001470   0x00000038   Code   RO          777    i.BSP_AUDIO_OUT_Error_CallBack  audio_play.o
    0x080014a8   0x080014a8   0x0000001c   Code   RO          778    i.BSP_AUDIO_OUT_HalfTransfer_CallBack  audio_play.o
    0x080014c4   0x080014c4   0x00000080   Code   RO         1692    i.BSP_AUDIO_OUT_Init  stm32746g_discovery_audio.o
    0x08001544   0x08001544   0x0000005c   Code   RO         1693    i.BSP_AUDIO_OUT_MspDeInit  stm32746g_discovery_audio.o
    0x080015a0   0x080015a0   0x00000140   Code   RO         1694    i.BSP_AUDIO_OUT_MspInit  stm32746g_discovery_audio.o
    0x080016e0   0x080016e0   0x00000024   Code   RO         1695    i.BSP_AUDIO_OUT_Pause  stm32746g_discovery_audio.o
    0x08001704   0x08001704   0x00000040   Code   RO         1696    i.BSP_AUDIO_OUT_Play  stm32746g_discovery_audio.o
    0x08001744   0x08001744   0x00000024   Code   RO         1697    i.BSP_AUDIO_OUT_Resume  stm32746g_discovery_audio.o
    0x08001768   0x08001768   0x00000028   Code   RO         1698    i.BSP_AUDIO_OUT_SetAudioFrameSlot  stm32746g_discovery_audio.o
    0x08001790   0x08001790   0x00000034   Code   RO         1699    i.BSP_AUDIO_OUT_SetFrequency  stm32746g_discovery_audio.o
    0x080017c4   0x080017c4   0x0000001c   Code   RO         1702    i.BSP_AUDIO_OUT_SetVolume  stm32746g_discovery_audio.o
    0x080017e0   0x080017e0   0x00000034   Code   RO         1703    i.BSP_AUDIO_OUT_Stop  stm32746g_discovery_audio.o
    0x08001814   0x08001814   0x00000018   Code   RO          779    i.BSP_AUDIO_OUT_TransferComplete_CallBack  audio_play.o
    0x0800182c   0x0800182c   0x00000034   Code   RO         2118    i.BSP_EEPROM_Init   stm32746g_discovery_eeprom.o
    0x08001860   0x08001860   0x00000024   Code   RO         2119    i.BSP_EEPROM_ReadBuffer  stm32746g_discovery_eeprom.o
    0x08001884   0x08001884   0x0000000c   Code   RO          576    i.BSP_EEPROM_TIMEOUT_UserCallback  eeprom.o
    0x08001890   0x08001890   0x00000020   Code   RO         2121    i.BSP_EEPROM_WaitEepromStandbyState  stm32746g_discovery_eeprom.o
    0x080018b0   0x080018b0   0x00000118   Code   RO         2122    i.BSP_EEPROM_WriteBuffer  stm32746g_discovery_eeprom.o
    0x080019c8   0x080019c8   0x00000030   Code   RO         2123    i.BSP_EEPROM_WritePage  stm32746g_discovery_eeprom.o
    0x080019f8   0x080019f8   0x00000038   Code   RO         2183    i.BSP_LCD_Clear     stm32746g_discovery_lcd.o
    0x08001a30   0x08001a30   0x0000005c   Code   RO         2184    i.BSP_LCD_ClearStringLine  stm32746g_discovery_lcd.o
    0x08001a8c   0x08001a8c   0x0000001c   Code   RO         2185    i.BSP_LCD_ClockConfig  stm32746g_discovery_lcd.o
    0x08001aa8   0x08001aa8   0x0000000c   Code   RO         1047    i.BSP_LCD_DMA2D_IRQHandler  camera.o
    0x08001ab4   0x08001ab4   0x00000034   Code   RO         2187    i.BSP_LCD_DisplayChar  stm32746g_discovery_lcd.o
    0x08001ae8   0x08001ae8   0x000000d0   Code   RO         2190    i.BSP_LCD_DisplayStringAt  stm32746g_discovery_lcd.o
    0x08001bb8   0x08001bb8   0x0000001c   Code   RO         2191    i.BSP_LCD_DisplayStringAtLine  stm32746g_discovery_lcd.o
    0x08001bd4   0x08001bd4   0x000000c8   Code   RO         2192    i.BSP_LCD_DrawBitmap  stm32746g_discovery_lcd.o
    0x08001c9c   0x08001c9c   0x00000114   Code   RO         2193    i.BSP_LCD_DrawCircle  stm32746g_discovery_lcd.o
    0x08001db0   0x08001db0   0x0000011c   Code   RO         2194    i.BSP_LCD_DrawEllipse  stm32746g_discovery_lcd.o
    0x08001ecc   0x08001ecc   0x0000007c   Code   RO         2195    i.BSP_LCD_DrawHLine  stm32746g_discovery_lcd.o
    0x08001f48   0x08001f48   0x000000d0   Code   RO         2196    i.BSP_LCD_DrawLine  stm32746g_discovery_lcd.o
    0x08002018   0x08002018   0x00000064   Code   RO         2197    i.BSP_LCD_DrawPixel  stm32746g_discovery_lcd.o
    0x0800207c   0x0800207c   0x0000003a   Code   RO         2198    i.BSP_LCD_DrawPolygon  stm32746g_discovery_lcd.o
    0x080020b6   0x080020b6   0x0000003c   Code   RO         2199    i.BSP_LCD_DrawRect  stm32746g_discovery_lcd.o
    0x080020f2   0x080020f2   0x00000002   PAD
    0x080020f4   0x080020f4   0x00000088   Code   RO         2200    i.BSP_LCD_DrawVLine  stm32746g_discovery_lcd.o
    0x0800217c   0x0800217c   0x000000c0   Code   RO         2201    i.BSP_LCD_FillCircle  stm32746g_discovery_lcd.o
    0x0800223c   0x0800223c   0x000000d8   Code   RO         2202    i.BSP_LCD_FillEllipse  stm32746g_discovery_lcd.o
    0x08002314   0x08002314   0x00000110   Code   RO         2203    i.BSP_LCD_FillPolygon  stm32746g_discovery_lcd.o
    0x08002424   0x08002424   0x00000098   Code   RO         2204    i.BSP_LCD_FillRect  stm32746g_discovery_lcd.o
    0x080024bc   0x080024bc   0x0000001c   Code   RO         2206    i.BSP_LCD_GetFont   stm32746g_discovery_lcd.o
    0x080024d8   0x080024d8   0x00000020   Code   RO         2208    i.BSP_LCD_GetXSize  stm32746g_discovery_lcd.o
    0x080024f8   0x080024f8   0x00000020   Code   RO         2209    i.BSP_LCD_GetYSize  stm32746g_discovery_lcd.o
    0x08002518   0x08002518   0x000000a8   Code   RO         2210    i.BSP_LCD_Init      stm32746g_discovery_lcd.o
    0x080025c0   0x080025c0   0x0000007c   Code   RO         2211    i.BSP_LCD_LayerDefaultInit  stm32746g_discovery_lcd.o
    0x0800263c   0x0800263c   0x00000138   Code   RO         2214    i.BSP_LCD_MspInit   stm32746g_discovery_lcd.o
    0x08002774   0x08002774   0x0000000c   Code   RO         2219    i.BSP_LCD_SelectLayer  stm32746g_discovery_lcd.o
    0x08002780   0x08002780   0x0000001c   Code   RO         2220    i.BSP_LCD_SetBackColor  stm32746g_discovery_lcd.o
    0x0800279c   0x0800279c   0x0000001c   Code   RO         2223    i.BSP_LCD_SetFont   stm32746g_discovery_lcd.o
    0x080027b8   0x080027b8   0x00000018   Code   RO         2230    i.BSP_LCD_SetTextColor  stm32746g_discovery_lcd.o
    0x080027d0   0x080027d0   0x00000050   Code   RO         1458    i.BSP_LED_Init      stm32746g_discovery.o
    0x08002820   0x08002820   0x00000018   Code   RO         1463    i.BSP_PB_GetState   stm32746g_discovery.o
    0x08002838   0x08002838   0x000000cc   Code   RO         1464    i.BSP_PB_Init       stm32746g_discovery.o
    0x08002904   0x08002904   0x00000060   Code   RO         2575    i.BSP_QSPI_Erase_Block  stm32746g_discovery_qspi.o
    0x08002964   0x08002964   0x00000018   Code   RO         2577    i.BSP_QSPI_GetInfo  stm32746g_discovery_qspi.o
    0x0800297c   0x0800297c   0x00000074   Code   RO         2579    i.BSP_QSPI_Init     stm32746g_discovery_qspi.o
    0x080029f0   0x080029f0   0x0000011c   Code   RO         2581    i.BSP_QSPI_MspInit  stm32746g_discovery_qspi.o
    0x08002b0c   0x08002b0c   0x00000080   Code   RO         2582    i.BSP_QSPI_Read     stm32746g_discovery_qspi.o
    0x08002b8c   0x08002b8c   0x000000a8   Code   RO         2583    i.BSP_QSPI_Write    stm32746g_discovery_qspi.o
    0x08002c34   0x08002c34   0x00000074   Code   RO         2831    i.BSP_SDRAM_Init    stm32746g_discovery_sdram.o
    0x08002ca8   0x08002ca8   0x0000008c   Code   RO         2832    i.BSP_SDRAM_Initialization_sequence  stm32746g_discovery_sdram.o
    0x08002d34   0x08002d34   0x00000160   Code   RO         2834    i.BSP_SDRAM_MspInit  stm32746g_discovery_sdram.o
    0x08002e94   0x08002e94   0x0000001c   Code   RO         2835    i.BSP_SDRAM_ReadData  stm32746g_discovery_sdram.o
    0x08002eb0   0x08002eb0   0x0000001c   Code   RO         2836    i.BSP_SDRAM_ReadData_DMA  stm32746g_discovery_sdram.o
    0x08002ecc   0x08002ecc   0x0000001c   Code   RO         2838    i.BSP_SDRAM_WriteData  stm32746g_discovery_sdram.o
    0x08002ee8   0x08002ee8   0x0000001c   Code   RO         2839    i.BSP_SDRAM_WriteData_DMA  stm32746g_discovery_sdram.o
    0x08002f04   0x08002f04   0x0000003c   Code   RO         2688    i.BSP_SD_Detect_MspInit  stm32746g_discovery_sd.o
    0x08002f40   0x08002f40   0x0000001c   Code   RO         2689    i.BSP_SD_Erase      stm32746g_discovery_sd.o
    0x08002f5c   0x08002f5c   0x00000018   Code   RO         2691    i.BSP_SD_GetCardState  stm32746g_discovery_sd.o
    0x08002f74   0x08002f74   0x0000005c   Code   RO         2693    i.BSP_SD_Init       stm32746g_discovery_sd.o
    0x08002fd0   0x08002fd0   0x00000020   Code   RO         2694    i.BSP_SD_IsDetected  stm32746g_discovery_sd.o
    0x08002ff0   0x08002ff0   0x00000154   Code   RO         2696    i.BSP_SD_MspInit    stm32746g_discovery_sd.o
    0x08003144   0x08003144   0x00000020   Code   RO         2697    i.BSP_SD_ReadBlocks  stm32746g_discovery_sd.o
    0x08003164   0x08003164   0x00000020   Code   RO         2700    i.BSP_SD_WriteBlocks  stm32746g_discovery_sd.o
    0x08003184   0x08003184   0x0000017c   Code   RO         2913    i.BSP_TS_GetState   stm32746g_discovery_ts.o
    0x08003300   0x08003300   0x00000068   Code   RO         2914    i.BSP_TS_Get_GestureId  stm32746g_discovery_ts.o
    0x08003368   0x08003368   0x0000003c   Code   RO         2918    i.BSP_TS_Init       stm32746g_discovery_ts.o
    0x080033a4   0x080033a4   0x0000001e   Code   RO          418    i.Buffercmp         sdram.o
    0x080033c2   0x080033c2   0x0000001e   Code   RO          577    i.Buffercmp         eeprom.o
    0x080033e0   0x080033e0   0x00000048   Code   RO          713    i.Buffercmp         sdram_dma.o
    0x08003428   0x08003428   0x0000001e   Code   RO         1004    i.Buffercmp         qspi.o
    0x08003446   0x08003446   0x0000001e   Code   RO         1262    i.Buffercmp         sd.o
    0x08003464   0x08003464   0x00000002   Code   RO         1116    i.BusFault_Handler  stm32f7xx_it.o
    0x08003466   0x08003466   0x0000000a   Code   RO          322    i.CODEC_IO_Write    wm8994.o
    0x08003470   0x08003470   0x0000008c   Code   RO          932    i.CPU_CACHE_Enable  main.o
    0x080034fc   0x080034fc   0x00000022   Code   RO          933    i.CheckForUserInput  main.o
    0x0800351e   0x0800351e   0x00000002   Code   RO         1117    i.DCMI_IRQHandler   stm32f7xx_it.o
    0x08003520   0x08003520   0x00000004   Code   RO         1118    i.DMA2D_IRQHandler  stm32f7xx_it.o
    0x08003524   0x08003524   0x0000009c   Code   RO         4454    i.DMA2D_SetConfig   stm32f7xx_hal_dma2d.o
    0x080035c0   0x080035c0   0x0000000c   Code   RO         1119    i.DMA2_Stream0_IRQHandler  stm32f7xx_it.o
    0x080035cc   0x080035cc   0x00000002   Code   RO         1120    i.DMA2_Stream1_IRQHandler  stm32f7xx_it.o
    0x080035ce   0x080035ce   0x00000002   PAD
    0x080035d0   0x080035d0   0x0000000c   Code   RO         1121    i.DMA2_Stream4_IRQHandler  stm32f7xx_it.o
    0x080035dc   0x080035dc   0x0000000c   Code   RO         1122    i.DMA2_Stream7_IRQHandler  stm32f7xx_it.o
    0x080035e8   0x080035e8   0x0000002c   Code   RO         4159    i.DMA_CalcBaseAndBitshift  stm32f7xx_hal_dma.o
    0x08003614   0x08003614   0x00000078   Code   RO         4160    i.DMA_CheckFifoParam  stm32f7xx_hal_dma.o
    0x0800368c   0x0800368c   0x0000002a   Code   RO         4161    i.DMA_SetConfig     stm32f7xx_hal_dma.o
    0x080036b6   0x080036b6   0x00000002   Code   RO         1123    i.DebugMon_Handler  stm32f7xx_it.o
    0x080036b8   0x080036b8   0x00000178   Code   RO          934    i.Display_DemoDescription  main.o
    0x08003830   0x08003830   0x000000d4   Code   RO         2235    i.DrawChar          stm32746g_discovery_lcd.o
    0x08003904   0x08003904   0x0000000c   Code   RO         1469    i.EEPROM_IO_Init    stm32746g_discovery.o
    0x08003910   0x08003910   0x00000010   Code   RO         1470    i.EEPROM_IO_IsDeviceReady  stm32746g_discovery.o
    0x08003920   0x08003920   0x0000001c   Code   RO         1471    i.EEPROM_IO_ReadData  stm32746g_discovery.o
    0x0800393c   0x0800393c   0x0000001c   Code   RO         1472    i.EEPROM_IO_WriteData  stm32746g_discovery.o
    0x08003958   0x08003958   0x00000120   Code   RO          578    i.EEPROM_SetHint    eeprom.o
    0x08003a78   0x08003a78   0x000004c4   Code   RO          579    i.EEPROM_Show_Feature  eeprom.o
    0x08003f3c   0x08003f3c   0x00000034   Code   RO          580    i.EEPROM_demo       eeprom.o
    0x08003f70   0x08003f70   0x00000008   Code   RO         1124    i.EXTI0_IRQHandler  stm32f7xx_it.o
    0x08003f78   0x08003f78   0x0000001c   Code   RO         1125    i.EXTI15_10_IRQHandler  stm32f7xx_it.o
    0x08003f94   0x08003f94   0x00000006   Code   RO         1126    i.EXTI2_IRQHandler  stm32f7xx_it.o
    0x08003f9a   0x08003f9a   0x00000002   PAD
    0x08003f9c   0x08003f9c   0x00000024   Code   RO         8438    i.EndIdleMonitor    cpu_utils.o
    0x08003fc0   0x08003fc0   0x00000052   Code   RO         4684    i.FMC_SDRAM_Init    stm32f7xx_ll_fmc.o
    0x08004012   0x08004012   0x0000000c   Code   RO         4685    i.FMC_SDRAM_ProgramRefreshRate  stm32f7xx_ll_fmc.o
    0x0800401e   0x0800401e   0x00000020   Code   RO         4686    i.FMC_SDRAM_SendCommand  stm32f7xx_ll_fmc.o
    0x0800403e   0x0800403e   0x00000002   PAD
    0x08004040   0x08004040   0x00000070   Code   RO         4688    i.FMC_SDRAM_Timing_Init  stm32f7xx_ll_fmc.o
    0x080040b0   0x080040b0   0x000000c0   Code   RO         2236    i.FillTriangle      stm32746g_discovery_lcd.o
    0x08004170   0x08004170   0x00000014   Code   RO          419    i.Fill_Buffer       sdram.o
    0x08004184   0x08004184   0x0000003c   Code   RO          714    i.Fill_Buffer       sdram_dma.o
    0x080041c0   0x080041c0   0x00000012   Code   RO         1005    i.Fill_Buffer       qspi.o
    0x080041d2   0x080041d2   0x00000014   Code   RO         1263    i.Fill_Buffer       sd.o
    0x080041e6   0x080041e6   0x00000002   PAD
    0x080041e8   0x080041e8   0x00000024   Code   RO          780    i.GetData           audio_play.o
    0x0800420c   0x0800420c   0x00000002   Code   RO         4460    i.HAL_DMA2D_CLUTLoadingCpltCallback  stm32f7xx_hal_dma2d.o
    0x0800420e   0x0800420e   0x00000002   PAD
    0x08004210   0x08004210   0x000000a4   Code   RO         4466    i.HAL_DMA2D_ConfigLayer  stm32f7xx_hal_dma2d.o
    0x080042b4   0x080042b4   0x0000011e   Code   RO         4473    i.HAL_DMA2D_IRQHandler  stm32f7xx_hal_dma2d.o
    0x080043d2   0x080043d2   0x0000005c   Code   RO         4474    i.HAL_DMA2D_Init    stm32f7xx_hal_dma2d.o
    0x0800442e   0x0800442e   0x00000002   Code   RO         4475    i.HAL_DMA2D_LineEventCallback  stm32f7xx_hal_dma2d.o
    0x08004430   0x08004430   0x0000002c   Code   RO         1054    i.HAL_DMA2D_MspInit  camera.o
    0x0800445c   0x0800445c   0x00000134   Code   RO         4478    i.HAL_DMA2D_PollForTransfer  stm32f7xx_hal_dma2d.o
    0x08004590   0x08004590   0x00000034   Code   RO         4481    i.HAL_DMA2D_Start   stm32f7xx_hal_dma2d.o
    0x080045c4   0x080045c4   0x0000008e   Code   RO         4162    i.HAL_DMA_Abort     stm32f7xx_hal_dma.o
    0x08004652   0x08004652   0x00000024   Code   RO         4163    i.HAL_DMA_Abort_IT  stm32f7xx_hal_dma.o
    0x08004676   0x08004676   0x00000066   Code   RO         4164    i.HAL_DMA_DeInit    stm32f7xx_hal_dma.o
    0x080046dc   0x080046dc   0x000001d0   Code   RO         4167    i.HAL_DMA_IRQHandler  stm32f7xx_hal_dma.o
    0x080048ac   0x080048ac   0x000000d4   Code   RO         4168    i.HAL_DMA_Init      stm32f7xx_hal_dma.o
    0x08004980   0x08004980   0x00000078   Code   RO         4172    i.HAL_DMA_Start_IT  stm32f7xx_hal_dma.o
    0x080049f8   0x080049f8   0x00000024   Code   RO         2999    i.HAL_Delay         stm32f7xx_hal.o
    0x08004a1c   0x08004a1c   0x00000140   Code   RO         7141    i.HAL_GPIO_DeInit   stm32f7xx_hal_gpio.o
    0x08004b5c   0x08004b5c   0x00000024   Code   RO          935    i.HAL_GPIO_EXTI_Callback  main.o
    0x08004b80   0x08004b80   0x00000018   Code   RO         7143    i.HAL_GPIO_EXTI_IRQHandler  stm32f7xx_hal_gpio.o
    0x08004b98   0x08004b98   0x000001e0   Code   RO         7144    i.HAL_GPIO_Init     stm32f7xx_hal_gpio.o
    0x08004d78   0x08004d78   0x0000000e   Code   RO         7146    i.HAL_GPIO_ReadPin  stm32f7xx_hal_gpio.o
    0x08004d86   0x08004d86   0x0000000e   Code   RO         7148    i.HAL_GPIO_WritePin  stm32f7xx_hal_gpio.o
    0x08004d94   0x08004d94   0x0000000c   Code   RO         3007    i.HAL_GetTick       stm32f7xx_hal.o
    0x08004da0   0x08004da0   0x00000032   Code   RO         7573    i.HAL_I2C_DeInit    stm32f7xx_hal_i2c.o
    0x08004dd2   0x08004dd2   0x00000006   Code   RO         7581    i.HAL_I2C_GetState  stm32f7xx_hal_i2c.o
    0x08004dd8   0x08004dd8   0x000000c0   Code   RO         7582    i.HAL_I2C_Init      stm32f7xx_hal_i2c.o
    0x08004e98   0x08004e98   0x00000158   Code   RO         7583    i.HAL_I2C_IsDeviceReady  stm32f7xx_hal_i2c.o
    0x08004ff0   0x08004ff0   0x00000180   Code   RO         7600    i.HAL_I2C_Mem_Read  stm32f7xx_hal_i2c.o
    0x08005170   0x08005170   0x00000174   Code   RO         7603    i.HAL_I2C_Mem_Write  stm32f7xx_hal_i2c.o
    0x080052e4   0x080052e4   0x00000002   Code   RO         7606    i.HAL_I2C_MspDeInit  stm32f7xx_hal_i2c.o
    0x080052e6   0x080052e6   0x00000002   Code   RO         7607    i.HAL_I2C_MspInit   stm32f7xx_hal_i2c.o
    0x080052e8   0x080052e8   0x00000010   Code   RO         3013    i.HAL_IncTick       stm32f7xx_hal.o
    0x080052f8   0x080052f8   0x0000002c   Code   RO         3014    i.HAL_Init          stm32f7xx_hal.o
    0x08005324   0x08005324   0x00000044   Code   RO         3015    i.HAL_InitTick      stm32f7xx_hal.o
    0x08005368   0x08005368   0x00000054   Code   RO         4822    i.HAL_LTDC_ConfigLayer  stm32f7xx_hal_ltdc.o
    0x080053bc   0x080053bc   0x00000006   Code   RO         4837    i.HAL_LTDC_GetState  stm32f7xx_hal_ltdc.o
    0x080053c2   0x080053c2   0x00000002   PAD
    0x080053c4   0x080053c4   0x000000f4   Code   RO         4839    i.HAL_LTDC_Init     stm32f7xx_hal_ltdc.o
    0x080054b8   0x080054b8   0x00000002   Code   RO         4842    i.HAL_LTDC_MspInit  stm32f7xx_hal_ltdc.o
    0x080054ba   0x080054ba   0x00000002   PAD
    0x080054bc   0x080054bc   0x00000058   Code   RO         7436    i.HAL_MPU_ConfigRegion  stm32f7xx_hal_cortex.o
    0x08005514   0x08005514   0x0000001c   Code   RO         7437    i.HAL_MPU_Disable   stm32f7xx_hal_cortex.o
    0x08005530   0x08005530   0x00000024   Code   RO         7438    i.HAL_MPU_Enable    stm32f7xx_hal_cortex.o
    0x08005554   0x08005554   0x00000002   Code   RO         3017    i.HAL_MspInit       stm32f7xx_hal.o
    0x08005556   0x08005556   0x00000022   Code   RO         7440    i.HAL_NVIC_DisableIRQ  stm32f7xx_hal_cortex.o
    0x08005578   0x08005578   0x0000001a   Code   RO         7441    i.HAL_NVIC_EnableIRQ  stm32f7xx_hal_cortex.o
    0x08005592   0x08005592   0x00000002   PAD
    0x08005594   0x08005594   0x00000040   Code   RO         7447    i.HAL_NVIC_SetPriority  stm32f7xx_hal_cortex.o
    0x080055d4   0x080055d4   0x00000024   Code   RO         7448    i.HAL_NVIC_SetPriorityGrouping  stm32f7xx_hal_cortex.o
    0x080055f8   0x080055f8   0x00000070   Code   RO         6886    i.HAL_PWREx_EnableOverDrive  stm32f7xx_hal_pwr_ex.o
    0x08005668   0x08005668   0x0000007c   Code   RO         3729    i.HAL_QSPI_Abort    stm32f7xx_hal_qspi.o
    0x080056e4   0x080056e4   0x000000aa   Code   RO         3732    i.HAL_QSPI_AutoPolling  stm32f7xx_hal_qspi.o
    0x0800578e   0x0800578e   0x00000092   Code   RO         3735    i.HAL_QSPI_Command  stm32f7xx_hal_qspi.o
    0x08005820   0x08005820   0x0000003a   Code   RO         3737    i.HAL_QSPI_DeInit   stm32f7xx_hal_qspi.o
    0x0800585a   0x0800585a   0x00000002   PAD
    0x0800585c   0x0800585c   0x000000b8   Code   RO         3744    i.HAL_QSPI_Init     stm32f7xx_hal_qspi.o
    0x08005914   0x08005914   0x00000002   Code   RO         3746    i.HAL_QSPI_MspDeInit  stm32f7xx_hal_qspi.o
    0x08005916   0x08005916   0x00000002   Code   RO         3747    i.HAL_QSPI_MspInit  stm32f7xx_hal_qspi.o
    0x08005918   0x08005918   0x000000d6   Code   RO         3748    i.HAL_QSPI_Receive  stm32f7xx_hal_qspi.o
    0x080059ee   0x080059ee   0x00000004   Code   RO         3754    i.HAL_QSPI_SetTimeout  stm32f7xx_hal_qspi.o
    0x080059f2   0x080059f2   0x000000cc   Code   RO         3757    i.HAL_QSPI_Transmit  stm32f7xx_hal_qspi.o
    0x08005abe   0x08005abe   0x00000002   PAD
    0x08005ac0   0x08005ac0   0x00000138   Code   RO         8305    i.HAL_RCCEx_GetPeriphCLKConfig  stm32f7xx_hal_rcc_ex.o
    0x08005bf8   0x08005bf8   0x00000168   Code   RO         8306    i.HAL_RCCEx_GetPeriphCLKFreq  stm32f7xx_hal_rcc_ex.o
    0x08005d60   0x08005d60   0x000004e6   Code   RO         8307    i.HAL_RCCEx_PeriphCLKConfig  stm32f7xx_hal_rcc_ex.o
    0x08006246   0x08006246   0x00000002   PAD
    0x08006248   0x08006248   0x00000150   Code   RO         6655    i.HAL_RCC_ClockConfig  stm32f7xx_hal_rcc.o
    0x08006398   0x08006398   0x0000000c   Code   RO         6660    i.HAL_RCC_GetHCLKFreq  stm32f7xx_hal_rcc.o
    0x080063a4   0x080063a4   0x00000020   Code   RO         6662    i.HAL_RCC_GetPCLK1Freq  stm32f7xx_hal_rcc.o
    0x080063c4   0x080063c4   0x00000020   Code   RO         6663    i.HAL_RCC_GetPCLK2Freq  stm32f7xx_hal_rcc.o
    0x080063e4   0x080063e4   0x0000006c   Code   RO         6664    i.HAL_RCC_GetSysClockFreq  stm32f7xx_hal_rcc.o
    0x08006450   0x08006450   0x000003d8   Code   RO         6667    i.HAL_RCC_OscConfig  stm32f7xx_hal_rcc.o
    0x08006828   0x08006828   0x00000026   Code   RO         5195    i.HAL_SAI_DMAPause  stm32f7xx_hal_sai.o
    0x0800684e   0x0800684e   0x00000036   Code   RO         5196    i.HAL_SAI_DMAResume  stm32f7xx_hal_sai.o
    0x08006884   0x08006884   0x00000092   Code   RO         5197    i.HAL_SAI_DMAStop   stm32f7xx_hal_sai.o
    0x08006916   0x08006916   0x00000040   Code   RO         5198    i.HAL_SAI_DeInit    stm32f7xx_hal_sai.o
    0x08006956   0x08006956   0x00000002   PAD
    0x08006958   0x08006958   0x00000034   Code   RO         1705    i.HAL_SAI_ErrorCallback  stm32746g_discovery_audio.o
    0x0800698c   0x0800698c   0x00000006   Code   RO         5205    i.HAL_SAI_GetState  stm32f7xx_hal_sai.o
    0x08006992   0x08006992   0x00000002   PAD
    0x08006994   0x08006994   0x000001d0   Code   RO         5207    i.HAL_SAI_Init      stm32f7xx_hal_sai.o
    0x08006b64   0x08006b64   0x00000002   Code   RO         5209    i.HAL_SAI_MspDeInit  stm32f7xx_hal_sai.o
    0x08006b66   0x08006b66   0x00000002   Code   RO         5210    i.HAL_SAI_MspInit   stm32f7xx_hal_sai.o
    0x08006b68   0x08006b68   0x000000ac   Code   RO         5212    i.HAL_SAI_Receive_DMA  stm32f7xx_hal_sai.o
    0x08006c14   0x08006c14   0x00000008   Code   RO         1706    i.HAL_SAI_RxCpltCallback  stm32746g_discovery_audio.o
    0x08006c1c   0x08006c1c   0x00000008   Code   RO         1707    i.HAL_SAI_RxHalfCpltCallback  stm32746g_discovery_audio.o
    0x08006c24   0x08006c24   0x000000ac   Code   RO         5217    i.HAL_SAI_Transmit_DMA  stm32f7xx_hal_sai.o
    0x08006cd0   0x08006cd0   0x00000008   Code   RO         1708    i.HAL_SAI_TxCpltCallback  stm32746g_discovery_audio.o
    0x08006cd8   0x08006cd8   0x00000008   Code   RO         1709    i.HAL_SAI_TxHalfCpltCallback  stm32746g_discovery_audio.o
    0x08006ce0   0x08006ce0   0x0000000c   Code   RO          715    i.HAL_SDRAM_DMA_XferCpltCallback  sdram_dma.o
    0x08006cec   0x08006cec   0x00000028   Code   RO          716    i.HAL_SDRAM_DMA_XferErrorCallback  sdram_dma.o
    0x08006d14   0x08006d14   0x00000044   Code   RO         4009    i.HAL_SDRAM_Init    stm32f7xx_hal_sdram.o
    0x08006d58   0x08006d58   0x00000002   Code   RO         4011    i.HAL_SDRAM_MspInit  stm32f7xx_hal_sdram.o
    0x08006d5a   0x08006d5a   0x00000026   Code   RO         4012    i.HAL_SDRAM_ProgramRefreshRate  stm32f7xx_hal_sdram.o
    0x08006d80   0x08006d80   0x00000042   Code   RO         4014    i.HAL_SDRAM_Read_32b  stm32f7xx_hal_sdram.o
    0x08006dc2   0x08006dc2   0x00000002   PAD
    0x08006dc4   0x08006dc4   0x0000004c   Code   RO         4016    i.HAL_SDRAM_Read_DMA  stm32f7xx_hal_sdram.o
    0x08006e10   0x08006e10   0x00000038   Code   RO         4018    i.HAL_SDRAM_SendCommand  stm32f7xx_hal_sdram.o
    0x08006e48   0x08006e48   0x00000042   Code   RO         4023    i.HAL_SDRAM_Write_32b  stm32f7xx_hal_sdram.o
    0x08006e8a   0x08006e8a   0x00000002   PAD
    0x08006e8c   0x08006e8c   0x00000058   Code   RO         4025    i.HAL_SDRAM_Write_DMA  stm32f7xx_hal_sdram.o
    0x08006ee4   0x08006ee4   0x000000a2   Code   RO         8031    i.HAL_SD_ConfigWideBusOperation  stm32f7xx_hal_sd.o
    0x08006f86   0x08006f86   0x000000f2   Code   RO         8033    i.HAL_SD_Erase      stm32f7xx_hal_sd.o
    0x08007078   0x08007078   0x000001de   Code   RO         8036    i.HAL_SD_GetCardCSD  stm32f7xx_hal_sd.o
    0x08007256   0x08007256   0x00000020   Code   RO         8038    i.HAL_SD_GetCardState  stm32f7xx_hal_sd.o
    0x08007276   0x08007276   0x00000038   Code   RO         8043    i.HAL_SD_Init       stm32f7xx_hal_sd.o
    0x080072ae   0x080072ae   0x0000007a   Code   RO         8044    i.HAL_SD_InitCard   stm32f7xx_hal_sd.o
    0x08007328   0x08007328   0x00000002   Code   RO         8046    i.HAL_SD_MspInit    stm32f7xx_hal_sd.o
    0x0800732a   0x0800732a   0x000001f2   Code   RO         8047    i.HAL_SD_ReadBlocks  stm32f7xx_hal_sd.o
    0x0800751c   0x0800751c   0x000001c6   Code   RO         8052    i.HAL_SD_WriteBlocks  stm32f7xx_hal_sd.o
    0x080076e2   0x080076e2   0x00000028   Code   RO         7452    i.HAL_SYSTICK_Config  stm32f7xx_hal_cortex.o
    0x0800770a   0x0800770a   0x00000002   Code   RO         5481    i.HAL_UART_ErrorCallback  stm32f7xx_hal_uart.o
    0x0800770c   0x0800770c   0x0000000a   Code   RO         5483    i.HAL_UART_GetState  stm32f7xx_hal_uart.o
    0x08007716   0x08007716   0x00000002   PAD
    0x08007718   0x08007718   0x00000134   Code   RO         5484    i.HAL_UART_IRQHandler  stm32f7xx_hal_uart.o
    0x0800784c   0x0800784c   0x0000006c   Code   RO         5485    i.HAL_UART_Init     stm32f7xx_hal_uart.o
    0x080078b8   0x080078b8   0x00000080   Code   RO         1304    i.HAL_UART_MspInit  usart.o
    0x08007938   0x08007938   0x000000c0   Code   RO         5490    i.HAL_UART_Receive_IT  stm32f7xx_hal_uart.o
    0x080079f8   0x080079f8   0x00000060   Code   RO         1305    i.HAL_UART_RxCpltCallback  usart.o
    0x08007a58   0x08007a58   0x00000002   Code   RO         5496    i.HAL_UART_TxCpltCallback  stm32f7xx_hal_uart.o
    0x08007a5a   0x08007a5a   0x00000002   Code   RO         1127    i.HardFault_Handler  stm32f7xx_it.o
    0x08007a5c   0x08007a5c   0x00000022   Code   RO         7629    i.I2C_Flush_TXDR    stm32f7xx_hal_i2c.o
    0x08007a7e   0x08007a7e   0x00000002   PAD
    0x08007a80   0x08007a80   0x0000008c   Code   RO         7637    i.I2C_IsAcknowledgeFailed  stm32f7xx_hal_i2c.o
    0x08007b0c   0x08007b0c   0x00000074   Code   RO         7640    i.I2C_RequestMemoryRead  stm32f7xx_hal_i2c.o
    0x08007b80   0x08007b80   0x00000074   Code   RO         7641    i.I2C_RequestMemoryWrite  stm32f7xx_hal_i2c.o
    0x08007bf4   0x08007bf4   0x0000002c   Code   RO         7644    i.I2C_TransferConfig  stm32f7xx_hal_i2c.o
    0x08007c20   0x08007c20   0x00000056   Code   RO         7645    i.I2C_WaitOnFlagUntilTimeout  stm32f7xx_hal_i2c.o
    0x08007c76   0x08007c76   0x0000004c   Code   RO         7647    i.I2C_WaitOnSTOPFlagUntilTimeout  stm32f7xx_hal_i2c.o
    0x08007cc2   0x08007cc2   0x00000050   Code   RO         7648    i.I2C_WaitOnTXISFlagUntilTimeout  stm32f7xx_hal_i2c.o
    0x08007d12   0x08007d12   0x00000014   Code   RO         1473    i.I2Cx_Error        stm32746g_discovery.o
    0x08007d26   0x08007d26   0x00000002   PAD
    0x08007d28   0x08007d28   0x00000054   Code   RO         1474    i.I2Cx_Init         stm32746g_discovery.o
    0x08007d7c   0x08007d7c   0x00000008   Code   RO         1475    i.I2Cx_IsDeviceReady  stm32746g_discovery.o
    0x08007d84   0x08007d84   0x00000120   Code   RO         1476    i.I2Cx_MspInit      stm32746g_discovery.o
    0x08007ea4   0x08007ea4   0x0000002c   Code   RO         1477    i.I2Cx_ReadMultiple  stm32746g_discovery.o
    0x08007ed0   0x08007ed0   0x0000002c   Code   RO         1478    i.I2Cx_WriteMultiple  stm32746g_discovery.o
    0x08007efc   0x08007efc   0x0000001a   Code   RO         8361    i.LCD_LOG_ClearTextZone  lcd_log.o
    0x08007f16   0x08007f16   0x00000002   PAD
    0x08007f18   0x08007f18   0x00000028   Code   RO         8362    i.LCD_LOG_DeInit    lcd_log.o
    0x08007f40   0x08007f40   0x00000012   Code   RO         8363    i.LCD_LOG_Init      lcd_log.o
    0x08007f52   0x08007f52   0x00000002   PAD
    0x08007f54   0x08007f54   0x00000090   Code   RO         8364    i.LCD_LOG_ScrollBack  lcd_log.o
    0x08007fe4   0x08007fe4   0x00000068   Code   RO         8365    i.LCD_LOG_ScrollForward  lcd_log.o
    0x0800804c   0x0800804c   0x0000006c   Code   RO         8367    i.LCD_LOG_SetHeader  lcd_log.o
    0x080080b8   0x080080b8   0x00000088   Code   RO         8368    i.LCD_LOG_UpdateDisplay  lcd_log.o
    0x08008140   0x08008140   0x00000010   Code   RO          625    i.LCD_Pow           lcd.o
    0x08008150   0x08008150   0x00000110   Code   RO          626    i.LCD_SetHint       lcd.o
    0x08008260   0x08008260   0x000002cc   Code   RO          627    i.LCD_Show_Feature  lcd.o
    0x0800852c   0x0800852c   0x00000088   Code   RO          628    i.LCD_ShowxNum      lcd.o
    0x080085b4   0x080085b4   0x00000034   Code   RO          629    i.LCD_demo          lcd.o
    0x080085e8   0x080085e8   0x00000064   Code   RO         2237    i.LL_ConvertLineToARGB8888  stm32746g_discovery_lcd.o
    0x0800864c   0x0800864c   0x00000088   Code   RO         2238    i.LL_FillBuffer     stm32746g_discovery_lcd.o
    0x080086d4   0x080086d4   0x0000015e   Code   RO         4858    i.LTDC_SetConfig    stm32f7xx_hal_ltdc.o
    0x08008832   0x08008832   0x00000002   PAD
    0x08008834   0x08008834   0x000000b0   Code   RO         1231    i.Log_demo          log.o
    0x080088e4   0x080088e4   0x00000088   Code   RO          936    i.MPU_Config        main.o
    0x0800896c   0x0800896c   0x00000002   Code   RO         1128    i.MemManage_Handler  stm32f7xx_it.o
    0x0800896e   0x0800896e   0x00000002   Code   RO         1129    i.NMI_Handler       stm32f7xx_it.o
    0x08008970   0x08008970   0x0000004a   Code   RO         2584    i.QSPI_AutoPollingMemReady  stm32746g_discovery_qspi.o
    0x080089ba   0x080089ba   0x000001b2   Code   RO         3762    i.QSPI_Config       stm32f7xx_hal_qspi.o
    0x08008b6c   0x08008b6c   0x0000009c   Code   RO         2585    i.QSPI_DummyCyclesCfg  stm32746g_discovery_qspi.o
    0x08008c08   0x08008c08   0x0000005c   Code   RO         2586    i.QSPI_ResetMemory  stm32746g_discovery_qspi.o
    0x08008c64   0x08008c64   0x0000012c   Code   RO         1006    i.QSPI_SetHint      qspi.o
    0x08008d90   0x08008d90   0x0000004c   Code   RO         3769    i.QSPI_WaitFlagStateUntilTimeout  stm32f7xx_hal_qspi.o
    0x08008ddc   0x08008ddc   0x0000006a   Code   RO         2587    i.QSPI_WriteEnable  stm32746g_discovery_qspi.o
    0x08008e46   0x08008e46   0x00000002   PAD
    0x08008e48   0x08008e48   0x00000394   Code   RO         1007    i.QSPI_demo         qspi.o
    0x080091dc   0x080091dc   0x00000044   Code   RO         5222    i.SAI_DMAError      stm32f7xx_hal_sai.o
    0x08009220   0x08009220   0x0000003c   Code   RO         5223    i.SAI_DMARxCplt     stm32f7xx_hal_sai.o
    0x0800925c   0x0800925c   0x0000000a   Code   RO         5224    i.SAI_DMARxHalfCplt  stm32f7xx_hal_sai.o
    0x08009266   0x08009266   0x0000003c   Code   RO         5225    i.SAI_DMATxCplt     stm32f7xx_hal_sai.o
    0x080092a2   0x080092a2   0x0000000a   Code   RO         5226    i.SAI_DMATxHalfCplt  stm32f7xx_hal_sai.o
    0x080092ac   0x080092ac   0x00000040   Code   RO         5227    i.SAI_Disable       stm32f7xx_hal_sai.o
    0x080092ec   0x080092ec   0x00000030   Code   RO         5231    i.SAI_InterruptFlag  stm32f7xx_hal_sai.o
    0x0800931c   0x0800931c   0x0000001c   Code   RO         1710    i.SAIx_In_DeInit    stm32746g_discovery_audio.o
    0x08009338   0x08009338   0x000000d0   Code   RO         1711    i.SAIx_In_Init      stm32746g_discovery_audio.o
    0x08009408   0x08009408   0x0000001c   Code   RO         1712    i.SAIx_Out_DeInit   stm32746g_discovery_audio.o
    0x08009424   0x08009424   0x00000064   Code   RO         1713    i.SAIx_Out_Init     stm32746g_discovery_audio.o
    0x08009488   0x08009488   0x00000032   Code   RO         3190    i.SDMMC_CmdAppCommand  stm32f7xx_ll_sdmmc.o
    0x080094ba   0x080094ba   0x00000002   PAD
    0x080094bc   0x080094bc   0x00000034   Code   RO         3191    i.SDMMC_CmdAppOperCommand  stm32f7xx_ll_sdmmc.o
    0x080094f0   0x080094f0   0x00000032   Code   RO         3192    i.SDMMC_CmdBlockLength  stm32f7xx_ll_sdmmc.o
    0x08009522   0x08009522   0x00000032   Code   RO         3193    i.SDMMC_CmdBusWidth  stm32f7xx_ll_sdmmc.o
    0x08009554   0x08009554   0x00000030   Code   RO         3194    i.SDMMC_CmdErase    stm32f7xx_ll_sdmmc.o
    0x08009584   0x08009584   0x00000028   Code   RO         3197    i.SDMMC_CmdGoIdleState  stm32f7xx_ll_sdmmc.o
    0x080095ac   0x080095ac   0x00000030   Code   RO         3199    i.SDMMC_CmdOperCond  stm32f7xx_ll_sdmmc.o
    0x080095dc   0x080095dc   0x00000032   Code   RO         3200    i.SDMMC_CmdReadMultiBlock  stm32f7xx_ll_sdmmc.o
    0x0800960e   0x0800960e   0x00000032   Code   RO         3201    i.SDMMC_CmdReadSingleBlock  stm32f7xx_ll_sdmmc.o
    0x08009640   0x08009640   0x00000032   Code   RO         3202    i.SDMMC_CmdSDEraseEndAdd  stm32f7xx_ll_sdmmc.o
    0x08009672   0x08009672   0x00000032   Code   RO         3203    i.SDMMC_CmdSDEraseStartAdd  stm32f7xx_ll_sdmmc.o
    0x080096a4   0x080096a4   0x00000032   Code   RO         3204    i.SDMMC_CmdSelDesel  stm32f7xx_ll_sdmmc.o
    0x080096d6   0x080096d6   0x0000002c   Code   RO         3205    i.SDMMC_CmdSendCID  stm32f7xx_ll_sdmmc.o
    0x08009702   0x08009702   0x0000002c   Code   RO         3206    i.SDMMC_CmdSendCSD  stm32f7xx_ll_sdmmc.o
    0x0800972e   0x0800972e   0x00000030   Code   RO         3207    i.SDMMC_CmdSendSCR  stm32f7xx_ll_sdmmc.o
    0x0800975e   0x0800975e   0x00000032   Code   RO         3208    i.SDMMC_CmdSendStatus  stm32f7xx_ll_sdmmc.o
    0x08009790   0x08009790   0x00000030   Code   RO         3209    i.SDMMC_CmdSetRelAdd  stm32f7xx_ll_sdmmc.o
    0x080097c0   0x080097c0   0x00000034   Code   RO         3211    i.SDMMC_CmdStopTransfer  stm32f7xx_ll_sdmmc.o
    0x080097f4   0x080097f4   0x00000032   Code   RO         3213    i.SDMMC_CmdWriteMultiBlock  stm32f7xx_ll_sdmmc.o
    0x08009826   0x08009826   0x00000032   Code   RO         3214    i.SDMMC_CmdWriteSingleBlock  stm32f7xx_ll_sdmmc.o
    0x08009858   0x08009858   0x00000024   Code   RO         3215    i.SDMMC_ConfigData  stm32f7xx_ll_sdmmc.o
    0x0800987c   0x0800987c   0x00000034   Code   RO         3216    i.SDMMC_GetCmdError  stm32f7xx_ll_sdmmc.o
    0x080098b0   0x080098b0   0x00000124   Code   RO         3217    i.SDMMC_GetCmdResp1  stm32f7xx_ll_sdmmc.o
    0x080099d4   0x080099d4   0x00000050   Code   RO         3218    i.SDMMC_GetCmdResp2  stm32f7xx_ll_sdmmc.o
    0x08009a24   0x08009a24   0x00000044   Code   RO         3219    i.SDMMC_GetCmdResp3  stm32f7xx_ll_sdmmc.o
    0x08009a68   0x08009a68   0x0000008c   Code   RO         3220    i.SDMMC_GetCmdResp6  stm32f7xx_ll_sdmmc.o
    0x08009af4   0x08009af4   0x00000048   Code   RO         3221    i.SDMMC_GetCmdResp7  stm32f7xx_ll_sdmmc.o
    0x08009b3c   0x08009b3c   0x00000006   Code   RO         3222    i.SDMMC_GetCommandResponse  stm32f7xx_ll_sdmmc.o
    0x08009b42   0x08009b42   0x00000008   Code   RO         3225    i.SDMMC_GetPowerState  stm32f7xx_ll_sdmmc.o
    0x08009b4a   0x08009b4a   0x0000000e   Code   RO         3226    i.SDMMC_GetResponse  stm32f7xx_ll_sdmmc.o
    0x08009b58   0x08009b58   0x0000002a   Code   RO         3227    i.SDMMC_Init        stm32f7xx_ll_sdmmc.o
    0x08009b82   0x08009b82   0x00000008   Code   RO         3229    i.SDMMC_PowerState_ON  stm32f7xx_ll_sdmmc.o
    0x08009b8a   0x08009b8a   0x00000006   Code   RO         3230    i.SDMMC_ReadFIFO    stm32f7xx_ll_sdmmc.o
    0x08009b90   0x08009b90   0x00000020   Code   RO         3231    i.SDMMC_SendCommand  stm32f7xx_ll_sdmmc.o
    0x08009bb0   0x08009bb0   0x0000000a   Code   RO         3233    i.SDMMC_WriteFIFO   stm32f7xx_ll_sdmmc.o
    0x08009bba   0x08009bba   0x00000002   PAD
    0x08009bbc   0x08009bbc   0x000000fc   Code   RO          717    i.SDRAM_DMA_SetHint  sdram_dma.o
    0x08009cb8   0x08009cb8   0x0000026c   Code   RO          718    i.SDRAM_DMA_demo    sdram_dma.o
    0x08009f24   0x08009f24   0x000000f8   Code   RO          420    i.SDRAM_SetHint     sdram.o
    0x0800a01c   0x0800a01c   0x000001c8   Code   RO          421    i.SDRAM_demo        sdram.o
    0x0800a1e4   0x0800a1e4   0x00000118   Code   RO         8060    i.SD_FindSCR        stm32f7xx_hal_sd.o
    0x0800a2fc   0x0800a2fc   0x000000e2   Code   RO         8061    i.SD_InitCard       stm32f7xx_hal_sd.o
    0x0800a3de   0x0800a3de   0x000000c4   Code   RO         8063    i.SD_PowerON        stm32f7xx_hal_sd.o
    0x0800a4a2   0x0800a4a2   0x0000002e   Code   RO         8066    i.SD_SendStatus     stm32f7xx_hal_sd.o
    0x0800a4d0   0x0800a4d0   0x00000138   Code   RO         1264    i.SD_SetHint        sd.o
    0x0800a608   0x0800a608   0x00000052   Code   RO         8067    i.SD_WideBus_Disable  stm32f7xx_hal_sd.o
    0x0800a65a   0x0800a65a   0x00000052   Code   RO         8068    i.SD_WideBus_Enable  stm32f7xx_hal_sd.o
    0x0800a6ac   0x0800a6ac   0x000002fc   Code   RO         1265    i.SD_demo           sd.o
    0x0800a9a8   0x0800a9a8   0x0000001c   Code   RO         8439    i.StartIdleMonitor  cpu_utils.o
    0x0800a9c4   0x0800a9c4   0x0000000e   Code   RO         1130    i.SysTick_Handler   stm32f7xx_it.o
    0x0800a9d2   0x0800a9d2   0x00000002   PAD
    0x0800a9d4   0x0800a9d4   0x0000009c   Code   RO          937    i.SystemClock_Config  main.o
    0x0800aa70   0x0800aa70   0x00000054   Code   RO           14    i.SystemInit        system_stm32f7xx.o
    0x0800aac4   0x0800aac4   0x00000004   Code   RO         1479    i.TS_IO_Delay       stm32746g_discovery.o
    0x0800aac8   0x0800aac8   0x0000000c   Code   RO         1480    i.TS_IO_Init        stm32746g_discovery.o
    0x0800aad4   0x0800aad4   0x00000024   Code   RO         1481    i.TS_IO_Read        stm32746g_discovery.o
    0x0800aaf8   0x0800aaf8   0x00000020   Code   RO         1482    i.TS_IO_Write       stm32746g_discovery.o
    0x0800ab18   0x0800ab18   0x00000258   Code   RO          845    i.Touchscreen_DrawBackground  touchscreen.o
    0x0800ad70   0x0800ad70   0x0000014c   Code   RO          846    i.Touchscreen_SetHint  touchscreen.o
    0x0800aebc   0x0800aebc   0x00000450   Code   RO          847    i.Touchscreen_demo  touchscreen.o
    0x0800b30c   0x0800b30c   0x000000c8   Code   RO         5498    i.UART_AdvFeatureConfig  stm32f7xx_hal_uart.o
    0x0800b3d4   0x0800b3d4   0x0000003c   Code   RO         5499    i.UART_CheckIdleState  stm32f7xx_hal_uart.o
    0x0800b410   0x0800b410   0x00000014   Code   RO         5500    i.UART_DMAAbortOnError  stm32f7xx_hal_uart.o
    0x0800b424   0x0800b424   0x0000001e   Code   RO         5510    i.UART_EndRxTransfer  stm32f7xx_hal_uart.o
    0x0800b442   0x0800b442   0x0000001a   Code   RO         5511    i.UART_EndTransmit_IT  stm32f7xx_hal_uart.o
    0x0800b45c   0x0800b45c   0x00000058   Code   RO         5513    i.UART_RxISR_16BIT  stm32f7xx_hal_uart.o
    0x0800b4b4   0x0800b4b4   0x00000058   Code   RO         5514    i.UART_RxISR_8BIT   stm32f7xx_hal_uart.o
    0x0800b50c   0x0800b50c   0x00000324   Code   RO         5515    i.UART_SetConfig    stm32f7xx_hal_uart.o
    0x0800b830   0x0800b830   0x00000060   Code   RO         5518    i.UART_WaitOnFlagUntilTimeout  stm32f7xx_hal_uart.o
    0x0800b890   0x0800b890   0x00000044   Code   RO         1306    i.USART1_IRQHandler  usart.o
    0x0800b8d4   0x0800b8d4   0x00000002   Code   RO         1131    i.UsageFault_Handler  stm32f7xx_it.o
    0x0800b8d6   0x0800b8d6   0x00000002   PAD
    0x0800b8d8   0x0800b8d8   0x00000020   Code   RO        10726    i.__0printf$6       mc_w.l(printf6.o)
    0x0800b8f8   0x0800b8f8   0x00000030   Code   RO        10727    i.__0snprintf$6     mc_w.l(printf6.o)
    0x0800b928   0x0800b928   0x00000028   Code   RO        10728    i.__0sprintf$6      mc_w.l(printf6.o)
    0x0800b950   0x0800b950   0x00000020   Code   RO         7454    i.__NVIC_SetPriority  stm32f7xx_hal_cortex.o
    0x0800b970   0x0800b970   0x0000000e   Code   RO        10871    i.__scatterload_copy  mc_w.l(handlers.o)
    0x0800b97e   0x0800b97e   0x00000002   Code   RO        10872    i.__scatterload_null  mc_w.l(handlers.o)
    0x0800b980   0x0800b980   0x0000000e   Code   RO        10873    i.__scatterload_zeroinit  mc_w.l(handlers.o)
    0x0800b98e   0x0800b98e   0x00000002   PAD
    0x0800b990   0x0800b990   0x000002f0   Code   RO        10733    i._printf_core      mc_w.l(printf6.o)
    0x0800bc80   0x0800bc80   0x00000024   Code   RO        10734    i._printf_post_padding  mc_w.l(printf6.o)
    0x0800bca4   0x0800bca4   0x0000002e   Code   RO        10735    i._printf_pre_padding  mc_w.l(printf6.o)
    0x0800bcd2   0x0800bcd2   0x00000016   Code   RO        10736    i._snputc           mc_w.l(printf6.o)
    0x0800bce8   0x0800bce8   0x0000000a   Code   RO        10737    i._sputc            mc_w.l(printf6.o)
    0x0800bcf2   0x0800bcf2   0x00000002   PAD
    0x0800bcf4   0x0800bcf4   0x00000014   Code   RO         1308    i.fputc             usart.o
    0x0800bd08   0x0800bd08   0x0000000c   Code   RO          180    i.ft5336_Get_I2C_InitializedStatus  ft5336.o
    0x0800bd14   0x0800bd14   0x0000001c   Code   RO          181    i.ft5336_I2C_InitializeIfRequired  ft5336.o
    0x0800bd30   0x0800bd30   0x00000010   Code   RO          182    i.ft5336_Init       ft5336.o
    0x0800bd40   0x0800bd40   0x00000038   Code   RO          183    i.ft5336_ReadID     ft5336.o
    0x0800bd78   0x0800bd78   0x00000002   Code   RO          184    i.ft5336_Reset      ft5336.o
    0x0800bd7a   0x0800bd7a   0x00000002   Code   RO          185    i.ft5336_TS_ClearIT  ft5336.o
    0x0800bd7c   0x0800bd7c   0x00000004   Code   RO          186    i.ft5336_TS_Configure  ft5336.o
    0x0800bd80   0x0800bd80   0x00000038   Code   RO          187    i.ft5336_TS_DetectTouch  ft5336.o
    0x0800bdb8   0x0800bdb8   0x0000000a   Code   RO          188    i.ft5336_TS_DisableIT  ft5336.o
    0x0800bdc2   0x0800bdc2   0x0000000a   Code   RO          189    i.ft5336_TS_EnableIT  ft5336.o
    0x0800bdcc   0x0800bdcc   0x0000001a   Code   RO          190    i.ft5336_TS_GetGestureID  ft5336.o
    0x0800bde6   0x0800bde6   0x00000002   PAD
    0x0800bde8   0x0800bde8   0x000000c4   Code   RO          191    i.ft5336_TS_GetTouchInfo  ft5336.o
    0x0800beac   0x0800beac   0x0000011c   Code   RO          192    i.ft5336_TS_GetXY   ft5336.o
    0x0800bfc8   0x0800bfc8   0x00000004   Code   RO          193    i.ft5336_TS_ITStatus  ft5336.o
    0x0800bfcc   0x0800bfcc   0x00000014   Code   RO          194    i.ft5336_TS_Start   ft5336.o
    0x0800bfe0   0x0800bfe0   0x000000c0   Code   RO         1374    i.key_task          rtos_main_suspend.o
    0x0800c0a0   0x0800c0a0   0x00000064   Code   RO          938    i.main              main.o
    0x0800c104   0x0800c104   0x00000014   Code   RO         9399    i.osSystickHandler  cmsis_os.o
    0x0800c118   0x0800c118   0x00000070   Code   RO         8854    i.prvAddCurrentTaskToDelayedList  tasks.o
    0x0800c188   0x0800c188   0x0000008c   Code   RO         8855    i.prvAddNewTaskToReadyList  tasks.o
    0x0800c214   0x0800c214   0x00000050   Code   RO         9214    i.prvCheckForValidListAndQueue  timers.o
    0x0800c264   0x0800c264   0x0000003c   Code   RO         8856    i.prvCheckTasksWaitingTermination  tasks.o
    0x0800c2a0   0x0800c2a0   0x00000028   Code   RO         8639    i.prvCopyDataFromQueue  queue.o
    0x0800c2c8   0x0800c2c8   0x0000006e   Code   RO         8640    i.prvCopyDataToQueue  queue.o
    0x0800c336   0x0800c336   0x00000014   Code   RO         8857    i.prvDeleteTCB      tasks.o
    0x0800c34a   0x0800c34a   0x00000002   PAD
    0x0800c34c   0x0800c34c   0x00000024   Code   RO         9215    i.prvGetNextExpireTime  timers.o
    0x0800c370   0x0800c370   0x0000004c   Code   RO         9814    i.prvHeapInit       heap_4.o
    0x0800c3bc   0x0800c3bc   0x0000002c   Code   RO         8858    i.prvIdleTask       tasks.o
    0x0800c3e8   0x0800c3e8   0x00000022   Code   RO         8643    i.prvInitialiseNewQueue  queue.o
    0x0800c40a   0x0800c40a   0x0000009e   Code   RO         8859    i.prvInitialiseNewTask  tasks.o
    0x0800c4a8   0x0800c4a8   0x00000058   Code   RO         8860    i.prvInitialiseTaskLists  tasks.o
    0x0800c500   0x0800c500   0x00000054   Code   RO         9815    i.prvInsertBlockIntoFreeList  heap_4.o
    0x0800c554   0x0800c554   0x00000040   Code   RO         9217    i.prvInsertTimerInActiveList  timers.o
    0x0800c594   0x0800c594   0x0000001a   Code   RO         8644    i.prvIsQueueEmpty   queue.o
    0x0800c5ae   0x0800c5ae   0x0000001e   Code   RO         8645    i.prvIsQueueFull    queue.o
    0x0800c5cc   0x0800c5cc   0x00000060   Code   RO         9218    i.prvProcessExpiredTimer  timers.o
    0x0800c62c   0x0800c62c   0x000000c0   Code   RO         9219    i.prvProcessReceivedCommands  timers.o
    0x0800c6ec   0x0800c6ec   0x0000006c   Code   RO         9220    i.prvProcessTimerOrBlockTask  timers.o
    0x0800c758   0x0800c758   0x00000024   Code   RO         8862    i.prvResetNextTaskUnblockTime  tasks.o
    0x0800c77c   0x0800c77c   0x0000002c   Code   RO         9221    i.prvSampleTimeNow  timers.o
    0x0800c7a8   0x0800c7a8   0x00000070   Code   RO         9222    i.prvSwitchTimerLists  timers.o
    0x0800c818   0x0800c818   0x00000034   Code   RO         9738    i.prvTaskExitError  port.o
    0x0800c84c   0x0800c84c   0x0000003c   Code   RO         8864    i.prvTaskIsTaskSuspended  tasks.o
    0x0800c888   0x0800c888   0x00000014   Code   RO         9223    i.prvTimerTask      timers.o
    0x0800c89c   0x0800c89c   0x0000006a   Code   RO         8646    i.prvUnlockQueue    queue.o
    0x0800c906   0x0800c906   0x00000002   PAD
    0x0800c908   0x0800c908   0x000000e0   Code   RO         9816    i.pvPortMalloc      heap_4.o
    0x0800c9e8   0x0800c9e8   0x00000024   Code   RO         9739    i.pxPortInitialiseStack  port.o
    0x0800ca0c   0x0800ca0c   0x00000114   Code   RO         1375    i.rtos_main_suspend  rtos_main_suspend.o
    0x0800cb20   0x0800cb20   0x000000d8   Code   RO         1376    i.start_task        rtos_main_suspend.o
    0x0800cbf8   0x0800cbf8   0x000000cc   Code   RO         1377    i.task1_task        rtos_main_suspend.o
    0x0800ccc4   0x0800ccc4   0x000000d0   Code   RO         1378    i.task2_task        rtos_main_suspend.o
    0x0800cd94   0x0800cd94   0x00000088   Code   RO         1379    i.task3_task        rtos_main_suspend.o
    0x0800ce1c   0x0800ce1c   0x00000088   Code   RO         1380    i.task4_task        rtos_main_suspend.o
    0x0800cea4   0x0800cea4   0x00000038   Code   RO         1309    i.uart_init         usart.o
    0x0800cedc   0x0800cedc   0x00000026   Code   RO         8599    i.uxListRemove      list.o
    0x0800cf02   0x0800cf02   0x00000002   PAD
    0x0800cf04   0x0800cf04   0x00000018   Code   RO         8441    i.vApplicationIdleHook  cpu_utils.o
    0x0800cf1c   0x0800cf1c   0x00000038   Code   RO         8442    i.vApplicationTickHook  cpu_utils.o
    0x0800cf54   0x0800cf54   0x00000016   Code   RO         8600    i.vListInitialise   list.o
    0x0800cf6a   0x0800cf6a   0x00000006   Code   RO         8601    i.vListInitialiseItem  list.o
    0x0800cf70   0x0800cf70   0x00000030   Code   RO         8602    i.vListInsert       list.o
    0x0800cfa0   0x0800cfa0   0x00000018   Code   RO         8603    i.vListInsertEnd    list.o
    0x0800cfb8   0x0800cfb8   0x00000048   Code   RO         9741    i.vPortEnterCritical  port.o
    0x0800d000   0x0800d000   0x00000030   Code   RO         9742    i.vPortExitCritical  port.o
    0x0800d030   0x0800d030   0x00000064   Code   RO         9817    i.vPortFree         heap_4.o
    0x0800d094   0x0800d094   0x00000024   Code   RO         9743    i.vPortSetupTimerInterrupt  port.o
    0x0800d0b8   0x0800d0b8   0x0000005c   Code   RO         9744    i.vPortValidateInterruptPriority  port.o
    0x0800d114   0x0800d114   0x00000024   Code   RO         8652    i.vQueueAddToRegistry  queue.o
    0x0800d138   0x0800d138   0x00000046   Code   RO         8656    i.vQueueWaitForMessageRestricted  queue.o
    0x0800d17e   0x0800d17e   0x00000002   PAD
    0x0800d180   0x0800d180   0x00000054   Code   RO         8874    i.vTaskDelay        tasks.o
    0x0800d1d4   0x0800d1d4   0x000000b0   Code   RO         8875    i.vTaskDelete       tasks.o
    0x0800d284   0x0800d284   0x00000010   Code   RO         8878    i.vTaskInternalSetTimeOutState  tasks.o
    0x0800d294   0x0800d294   0x0000000c   Code   RO         8879    i.vTaskMissedYield  tasks.o
    0x0800d2a0   0x0800d2a0   0x00000038   Code   RO         8881    i.vTaskPlaceOnEventList  tasks.o
    0x0800d2d8   0x0800d2d8   0x00000040   Code   RO         8882    i.vTaskPlaceOnEventListRestricted  tasks.o
    0x0800d318   0x0800d318   0x00000084   Code   RO         8887    i.vTaskResume       tasks.o
    0x0800d39c   0x0800d39c   0x00000078   Code   RO         8890    i.vTaskStartScheduler  tasks.o
    0x0800d414   0x0800d414   0x000000c0   Code   RO         8891    i.vTaskSuspend      tasks.o
    0x0800d4d4   0x0800d4d4   0x00000010   Code   RO         8892    i.vTaskSuspendAll   tasks.o
    0x0800d4e4   0x0800d4e4   0x00000070   Code   RO         8893    i.vTaskSwitchContext  tasks.o
    0x0800d554   0x0800d554   0x00000004   Code   RO          323    i.wm8994_DeInit     wm8994.o
    0x0800d558   0x0800d558   0x00000734   Code   RO          324    i.wm8994_Init       wm8994.o
    0x0800dc8c   0x0800dc8c   0x0000001c   Code   RO          325    i.wm8994_Pause      wm8994.o
    0x0800dca8   0x0800dca8   0x00000006   Code   RO          326    i.wm8994_Play       wm8994.o
    0x0800dcae   0x0800dcae   0x00000014   Code   RO          327    i.wm8994_ReadID     wm8994.o
    0x0800dcc2   0x0800dcc2   0x00000002   PAD
    0x0800dcc4   0x0800dcc4   0x0000001c   Code   RO          328    i.wm8994_Reset      wm8994.o
    0x0800dce0   0x0800dce0   0x00000006   Code   RO          329    i.wm8994_Resume     wm8994.o
    0x0800dce6   0x0800dce6   0x0000009e   Code   RO          330    i.wm8994_SetFrequency  wm8994.o
    0x0800dd84   0x0800dd84   0x00000058   Code   RO          331    i.wm8994_SetMute    wm8994.o
    0x0800dddc   0x0800dddc   0x0000011e   Code   RO          332    i.wm8994_SetOutputMode  wm8994.o
    0x0800defa   0x0800defa   0x00000002   PAD
    0x0800defc   0x0800defc   0x0000011c   Code   RO          333    i.wm8994_SetVolume  wm8994.o
    0x0800e018   0x0800e018   0x00000080   Code   RO          334    i.wm8994_Stop       wm8994.o
    0x0800e098   0x0800e098   0x000000c0   Code   RO         9745    i.xPortStartScheduler  port.o
    0x0800e158   0x0800e158   0x00000030   Code   RO         9746    i.xPortSysTickHandler  port.o
    0x0800e188   0x0800e188   0x00000048   Code   RO         8659    i.xQueueGenericCreate  queue.o
    0x0800e1d0   0x0800e1d0   0x00000090   Code   RO         8660    i.xQueueGenericReset  queue.o
    0x0800e260   0x0800e260   0x00000174   Code   RO         8661    i.xQueueGenericSend  queue.o
    0x0800e3d4   0x0800e3d4   0x000000ce   Code   RO         8662    i.xQueueGenericSendFromISR  queue.o
    0x0800e4a2   0x0800e4a2   0x00000002   PAD
    0x0800e4a4   0x0800e4a4   0x00000148   Code   RO         8669    i.xQueueReceive     queue.o
    0x0800e5ec   0x0800e5ec   0x00000084   Code   RO         8894    i.xTaskCheckForTimeOut  tasks.o
    0x0800e670   0x0800e670   0x00000060   Code   RO         8895    i.xTaskCreate       tasks.o
    0x0800e6d0   0x0800e6d0   0x0000000c   Code   RO         8898    i.xTaskGetCurrentTaskHandle  tasks.o
    0x0800e6dc   0x0800e6dc   0x0000001c   Code   RO         8899    i.xTaskGetSchedulerState  tasks.o
    0x0800e6f8   0x0800e6f8   0x0000000c   Code   RO         8900    i.xTaskGetTickCount  tasks.o
    0x0800e704   0x0800e704   0x00000010   Code   RO         8901    i.xTaskGetTickCountFromISR  tasks.o
    0x0800e714   0x0800e714   0x000000e0   Code   RO         8902    i.xTaskIncrementTick  tasks.o
    0x0800e7f4   0x0800e7f4   0x000000a0   Code   RO         8905    i.xTaskPriorityDisinherit  tasks.o
    0x0800e894   0x0800e894   0x00000080   Code   RO         8907    i.xTaskRemoveFromEventList  tasks.o
    0x0800e914   0x0800e914   0x000000d4   Code   RO         8908    i.xTaskResumeAll    tasks.o
    0x0800e9e8   0x0800e9e8   0x00000050   Code   RO         9229    i.xTimerCreateTimerTask  timers.o
    0x0800ea38   0x0800ea38   0x0000006c   Code   RO         9230    i.xTimerGenericCommand  timers.o
    0x0800eaa4   0x0800eaa4   0x00000010   Data   RO           15    .constdata          system_stm32f7xx.o
    0x0800eab4   0x0800eab4   0x00000008   Data   RO           16    .constdata          system_stm32f7xx.o
    0x0800eabc   0x0800eabc   0x00000018   Data   RO          630    .constdata          lcd.o
    0x0800ead4   0x0800ead4   0x000023d6   Data   RO          939    .constdata          main.o
    0x08010eaa   0x08010eaa   0x00000002   PAD
    0x08010eac   0x08010eac   0x00000018   Data   RO         1484    .constdata          stm32746g_discovery.o
    0x08010ec4   0x08010ec4   0x00001ab8   Data   RO         2240    .constdata          stm32746g_discovery_lcd.o
    0x0801297c   0x0801297c   0x00000ed8   Data   RO         2241    .constdata          stm32746g_discovery_lcd.o
    0x08013854   0x08013854   0x00000be0   Data   RO         2242    .constdata          stm32746g_discovery_lcd.o
    0x08014434   0x08014434   0x00000474   Data   RO         2243    .constdata          stm32746g_discovery_lcd.o
    0x080148a8   0x080148a8   0x00000008   Data   RO         4174    .constdata          stm32f7xx_hal_dma.o
    0x080148b0   0x080148b0   0x00000020   Data   RO        10869    Region$$Table       anon$$obj.o


    Execution Region RW_IRAM1 (Exec base: 0x20000000, Load base: 0x080148d0, Size: 0x0002fea8, Max: 0x00050000, ABSOLUTE, COMPRESSED[0x00000180])

    Exec Addr    Load Addr    Size         Type   Attr      Idx    E Section Name        Object

    0x20000000   COMPRESSED   0x00000004   Data   RW           17    .data               system_stm32f7xx.o
    0x20000004   COMPRESSED   0x00000028   Data   RW          195    .data               ft5336.o
    0x2000002c   COMPRESSED   0x00000005   Data   RW          196    .data               ft5336.o
    0x20000031   COMPRESSED   0x00000003   PAD
    0x20000034   COMPRESSED   0x00000030   Data   RW          335    .data               wm8994.o
    0x20000064   COMPRESSED   0x0000000c   Data   RW          336    .data               wm8994.o
    0x20000070   COMPRESSED   0x0000020a   Data   RW          582    .data               eeprom.o
    0x2000027a   COMPRESSED   0x00000001   Data   RW          631    .data               lcd.o
    0x2000027b   COMPRESSED   0x00000001   PAD
    0x2000027c   COMPRESSED   0x00000004   Data   RW          720    .data               sdram_dma.o
    0x20000280   COMPRESSED   0x00000038   Data   RW          782    .data               audio_play.o
    0x200002b8   COMPRESSED   0x00000004   Data   RW          887    .data               audio_rec.o
    0x200002bc   COMPRESSED   0x000002a0   Data   RW          940    .data               main.o
    0x2000055c   COMPRESSED   0x00000001   Data   RW          941    .data               main.o
    0x2000055d   COMPRESSED   0x00000001   PAD
    0x2000055e   COMPRESSED   0x00000004   Data   RW         1311    .data               usart.o
    0x20000562   COMPRESSED   0x00000002   PAD
    0x20000564   COMPRESSED   0x00000004   Data   RW         1312    .data               usart.o
    0x20000568   COMPRESSED   0x00000050   Data   RW         1382    .data               rtos_main_suspend.o
    0x200005b8   COMPRESSED   0x00000018   Data   RW         1485    .data               stm32746g_discovery.o
    0x200005d0   COMPRESSED   0x00000008   Data   RW         1716    .data               stm32746g_discovery_audio.o
    0x200005d8   COMPRESSED   0x00000006   Data   RW         2124    .data               stm32746g_discovery_eeprom.o
    0x200005de   COMPRESSED   0x00000002   PAD
    0x200005e0   COMPRESSED   0x0000000c   Data   RW         2245    .data               stm32746g_discovery_lcd.o
    0x200005ec   COMPRESSED   0x00000008   Data   RW         2246    .data               stm32746g_discovery_lcd.o
    0x200005f4   COMPRESSED   0x00000008   Data   RW         2247    .data               stm32746g_discovery_lcd.o
    0x200005fc   COMPRESSED   0x00000008   Data   RW         2248    .data               stm32746g_discovery_lcd.o
    0x20000604   COMPRESSED   0x00000002   Data   RW         2841    .data               stm32746g_discovery_sdram.o
    0x20000606   COMPRESSED   0x00000002   PAD
    0x20000608   COMPRESSED   0x0000000c   Data   RW         2921    .data               stm32746g_discovery_ts.o
    0x20000614   COMPRESSED   0x0000000c   Data   RW         3021    .data               stm32f7xx_hal.o
    0x20000620   COMPRESSED   0x00000014   Data   RW         8370    .data               lcd_log.o
    0x20000634   COMPRESSED   0x00000018   Data   RW         8443    .data               cpu_utils.o
    0x2000064c   COMPRESSED   0x0000003c   Data   RW         8911    .data               tasks.o
    0x20000688   COMPRESSED   0x00000014   Data   RW         9236    .data               timers.o
    0x2000069c   COMPRESSED   0x0000000c   Data   RW         9747    .data               port.o
    0x200006a8   COMPRESSED   0x00000018   Data   RW         9822    .data               heap_4.o
    0x200006c0        -       0x00000800   Zero   RW          422    .bss                sdram.o
    0x20000ec0        -       0x0000041e   Zero   RW          581    .bss                eeprom.o
    0x200012de   COMPRESSED   0x00000002   PAD
    0x200012e0        -       0x00000800   Zero   RW          719    .bss                sdram_dma.o
    0x20001ae0        -       0x00000808   Zero   RW          781    .bss                audio_play.o
    0x200022e8        -       0x0000002c   Zero   RW          848    .bss                touchscreen.o
    0x20002314        -       0x0001fffc   Zero   RW          886    .bss                audio_rec.o
    0x20022310        -       0x00000414   Zero   RW         1008    .bss                qspi.o
    0x20022724        -       0x00000040   Zero   RW         1055    .bss                camera.o
    0x20022764        -       0x00001400   Zero   RW         1266    .bss                sd.o
    0x20023b64        -       0x00000148   Zero   RW         1310    .bss                usart.o
    0x20023cac        -       0x00000010   Zero   RW         1381    .bss                rtos_main_suspend.o
    0x20023cbc        -       0x00000098   Zero   RW         1483    .bss                stm32746g_discovery.o
    0x20023d54        -       0x00000228   Zero   RW         1714    .bss                stm32746g_discovery_audio.o
    0x20023f7c        -       0x00000184   Zero   RW         2239    .bss                stm32746g_discovery_lcd.o
    0x20024100        -       0x0000004c   Zero   RW         2588    .bss                stm32746g_discovery_qspi.o
    0x2002414c        -       0x00000204   Zero   RW         2706    .bss                stm32746g_discovery_sd.o
    0x20024350        -       0x00000120   Zero   RW         2840    .bss                stm32746g_discovery_sdram.o
    0x20024470        -       0x00000028   Zero   RW         2920    .bss                stm32746g_discovery_ts.o
    0x20024498        -       0x00003c54   Zero   RW         8369    .bss                lcd_log.o
    0x200280ec        -       0x00000040   Zero   RW         8673    .bss                queue.o
    0x2002812c        -       0x00000154   Zero   RW         8910    .bss                tasks.o
    0x20028280        -       0x00000028   Zero   RW         9235    .bss                timers.o
    0x200282a8        -       0x00007800   Zero   RW         9821    .bss                heap_4.o
    0x2002faa8        -       0x00000400   Zero   RW            1    STACK               startup_stm32f746xx.o


==============================================================================

Image component sizes


      Code (inc. data)   RO Data    RW Data    ZI Data      Debug   Object Name

       684        220          0          0          0       1337   audio_loopback.o
      1828        516          0         56       2056      42685   audio_play.o
       860        296          0          4     131068       3713   audio_rec.o
        56         10          0          0         64       2671   camera.o
        20          0          0          0          0        627   cmsis_os.o
       144         22          0         24          0       2916   cpu_utils.o
      1602        634          0        522       1054       4076   eeprom.o
         0          0          0          0          0       9612   event_groups.o
       726         48          0         45          0      17187   ft5336.o
       484         22          0         24      30720       5059   heap_4.o
      1192        218         24          1          0       3448   lcd.o
       576         42          0         20      15444       6494   lcd_log.o
       138          0          0          0          0       3674   list.o
       176         42          0          0          0        731   log.o
       978        204       9174        673          0      42639   main.o
       770         78          0         12          0      12553   port.o
      1264        576          0          0       1044       3112   qspi.o
      1574         20          0          0         64      15226   queue.o
      1368        500          0         80         16       5832   rtos_main_suspend.o
      1126        468          0          0       5120       3168   sd.o
       754        308          0          0       2048      26337   sdram.o
      1056        456          0          4       2048      40319   sdram_dma.o
        36          8        456          0       1024        848   startup_stm32f746xx.o
      1078        120         24         24        152      22201   stm32746g_discovery.o
      2078        216          0          8        552      22692   stm32746g_discovery_audio.o
       448         20          0          6          0       5281   stm32746g_discovery_eeprom.o
      4170        276      14820         36        388      34509   stm32746g_discovery_lcd.o
      1244         40          0          0         76      11151   stm32746g_discovery_qspi.o
       640         64          0          0        516       7552   stm32746g_discovery_sd.o
       720         70          0          2        288       7682   stm32746g_discovery_sdram.o
       544         24          0         12         40       5782   stm32746g_discovery_ts.o
       178         28          0         12          0       9711   stm32f7xx_hal.o
       384         30          0          0          0      42739   stm32f7xx_hal_cortex.o
      1282         14          8          0          0       8487   stm32f7xx_hal_dma.o
      1062          6          0          0          0       7820   stm32f7xx_hal_dma2d.o
       852        110          0          0          0       5028   stm32f7xx_hal_gpio.o
      2044         46          0          0          0      16180   stm32f7xx_hal_i2c.o
       686          4          0          0          0       4342   stm32f7xx_hal_ltdc.o
       112         10          0          0          0       1340   stm32f7xx_hal_pwr_ex.o
      1618         10          0          0          0      11542   stm32f7xx_hal_qspi.o
      1504         64          0          0          0       6316   stm32f7xx_hal_rcc.o
      1926         52          0          0          0       4724   stm32f7xx_hal_rcc_ex.o
      1440         46          0          0          0      12731   stm32f7xx_hal_sai.o
      2958          0          0          0          0      15687   stm32f7xx_hal_sd.o
       460         18          0          0          0       7402   stm32f7xx_hal_sdram.o
      2034         82          0          0          0      12616   stm32f7xx_hal_uart.o
       112         16          0          0          0       7593   stm32f7xx_it.o
       238          4          0          0          0       3580   stm32f7xx_ll_fmc.o
      1840         50          0          0          0      27285   stm32f7xx_ll_sdmmc.o
        84         18         24          4          0     893443   system_stm32f7xx.o
      2718        250          0         60        340      29817   tasks.o
       940         88          0         20         40      19055   timers.o
      2036        356          0          0         44       2899   touchscreen.o
       368         64          0          8        328       5067   usart.o
      2890         26          0         60          0      12234   wm8994.o

    ----------------------------------------------------------------------
     58174       6910      24564       1728     194536    1538752   Object Totals
         0          0         32          0          0          0   (incl. Generated)
        74          0          2         11          2          0   (incl. Padding)

    ----------------------------------------------------------------------

      Code (inc. data)   RO Data    RW Data    ZI Data      Debug   Library Member Name

        86          0          0          0          0          0   __dczerorl2.o
         0          0          0          0          0          0   entry.o
         0          0          0          0          0          0   entry10a.o
         0          0          0          0          0          0   entry11a.o
         8          4          0          0          0          0   entry2.o
         4          0          0          0          0          0   entry5.o
         0          0          0          0          0          0   entry7b.o
         0          0          0          0          0          0   entry8b.o
         8          4          0          0          0          0   entry9a.o
        30          0          0          0          0          0   handlers.o
        36          8          0          0          0         68   init.o
        30          0          0          0          0         68   llshl.o
        32          0          0          0          0         68   llushr.o
        36          0          0          0          0         68   memcpya.o
        36          0          0          0          0        108   memseta.o
       986         24          0          0          0        656   printf6.o
        44          0          0          0          0         80   uidiv.o
        98          0          0          0          0         92   uldiv.o

    ----------------------------------------------------------------------
      1438         40          0          0          0       1208   Library Totals
         4          0          0          0          0          0   (incl. Padding)

    ----------------------------------------------------------------------

      Code (inc. data)   RO Data    RW Data    ZI Data      Debug   Library Name

      1434         40          0          0          0       1208   mc_w.l

    ----------------------------------------------------------------------
      1438         40          0          0          0       1208   Library Totals

    ----------------------------------------------------------------------

==============================================================================


      Code (inc. data)   RO Data    RW Data    ZI Data      Debug   

     59612       6950      24564       1728     194536    1491820   Grand Totals
     59612       6950      24564        384     194536    1491820   ELF Image Totals (compressed)
     59612       6950      24564        384          0          0   ROM Totals

==============================================================================

    Total RO  Size (Code + RO Data)                84176 (  82.20kB)
    Total RW  Size (RW Data + ZI Data)            196264 ( 191.66kB)
    Total ROM Size (Code + RO Data + RW Data)      84560 (  82.58kB)

==============================================================================

